<html>
<body>
<pre>
<h1>µVision Build Log</h1>
<h2>Project:</h2>
C:\Users\Andro\Desktop\Embedded Final Project\Embedded Final Project.uvproj
Project File Date:  05/15/2025

<h2>Output:</h2>
Rebuild target 'Target 1'
compiling Buzzer.c...
HAL\src\../headers/Buzzer.h(11): warning:  #1-D: last line of file ends without a newline
  #endif
HAL\src\Buzzer.c(66): warning:  #1-D: last line of file ends without a newline
  }
HAL\src\Buzzer.c: 2 warnings, 0 errors
compiling GPS.c...
HAL\src\../headers/GPS.h(10): warning:  #1295-D: Deprecated declaration GPS_FormatLat - give arg types
  float GPS_FormatLat() ;
HAL\src\../headers/GPS.h(11): warning:  #1295-D: Deprecated declaration GPS_READ - give arg types
  void GPS_READ();
HAL\src\../headers/GPS.h(12): warning:  #1295-D: Deprecated declaration GPS_FormatLong - give arg types
  float GPS_FormatLong() ;
HAL\src\../headers/GPS.h(15): warning:  #1295-D: Deprecated declaration GPS_READ - give arg types
   void GPS_READ();
HAL\src\GPS.c(20): warning:  #177-D: variable "UART_char" was declared but never referenced
        char UART_char ;
HAL\src\GPS.c(91): warning:  #1035-D: single-precision operand implicitly converted to double-precision
      float deg = degree + (mins / 60.0);
HAL\src\GPS.c(92): warning:  #1035-D: single-precision operand implicitly converted to double-precision
      return deg * pi / 180.0;
HAL\src\GPS.c(114): warning:  #1-D: last line of file ends without a newline
   }
HAL\src\GPS.c: 8 warnings, 0 errors
compiling LCD.c...
compiling Delay.c...
compiling UART.c...
MCAL\src\UART.c(36): warning:  #1-D: last line of file ends without a newline
  }
MCAL\src\UART.c: 1 warning, 0 errors
assembling startup_TM4C123.s...
compiling mian.c...
HAL/headers/GPS.h(10): warning:  #1295-D: Deprecated declaration GPS_FormatLat - give arg types
  float GPS_FormatLat() ;
HAL/headers/GPS.h(11): warning:  #1295-D: Deprecated declaration GPS_READ - give arg types
  void GPS_READ();
HAL/headers/GPS.h(12): warning:  #1295-D: Deprecated declaration GPS_FormatLong - give arg types
  float GPS_FormatLong() ;
HAL/headers/GPS.h(15): warning:  #1295-D: Deprecated declaration GPS_READ - give arg types
   void GPS_READ();
HAL/headers/Buzzer.h(11): warning:  #1-D: last line of file ends without a newline
  #endif
services/headers/Functions.h(2): warning:  #1-D: last line of file ends without a newline
  char* float_to_string(float n, int afterpoint) ;
mian.c: 6 warnings, 0 errors
compiling Functions.c...
services\src\../headers/Functions.h(2): warning:  #1-D: last line of file ends without a newline
  char* float_to_string(float n, int afterpoint) ;
services\src\Functions.c: 1 warning, 0 errors
linking...
Program Size: Code=17084 RO-data=1556 RW-data=36 ZI-data=932  
".\Embedded Final Project.axf" - 0 Error(s), 18 Warning(s).
</pre>
</body>
</html>
T0_Init (referred from mian.o).
Not enough information to list image symbols.
Finished: 1 information, 0 warning and 3 error messages.
".\Embedded Final Project.axf" - 3 Error(s), 18 Warning(s).
Target not created
