ARM Linker, 5.03 [Build 76] [MDK-ARM Lite]

==============================================================================

Section Cross References

    buzzer.o(.text) refers to delay.o(.text) for delay_ms
    buzzer.o(.text) refers to buzzer.o(.data) for dot_ms
    gps.o(.text) refers to uart.o(.text) for UART_GetChar
    gps.o(.text) refers to f2d.o(x$fpl$f2d) for __aeabi_f2d
    gps.o(.text) refers to ddiv.o(x$fpl$ddiv) for __aeabi_ddiv
    gps.o(.text) refers to dflt_clz.o(x$fpl$dflt) for __aeabi_i2d
    gps.o(.text) refers to daddsub_clz.o(x$fpl$dadd) for __aeabi_dadd
    gps.o(.text) refers to d2f.o(x$fpl$d2f) for __aeabi_d2f
    gps.o(.text) refers to dmul.o(x$fpl$dmul) for __aeabi_dmul
    gps.o(.text) refers to strtok.o(.text) for strtok
    gps.o(.text) refers to strcpy.o(.text) for strcpy
    gps.o(.text) refers to strcmpv7m.o(.text) for strcmp
    gps.o(.text) refers to atof.o(i.__hardfp_atof) for __hardfp_atof
    gps.o(.text) refers to basic.o(x$fpl$basic) for __aeabi_dneg
    gps.o(.text) refers to sin.o(i.__hardfp_sin) for __hardfp_sin
    gps.o(.text) refers to cos.o(i.__hardfp_cos) for __hardfp_cos
    gps.o(.text) refers to gps.o(.data) for GPS_logName
    gps.o(.text) refers to gps.o(.bss) for GPS_output
    gps.o(.text) refers to sqrt.o(i.__hardfp_sqrt) for __hardfp_sqrt
    gps.o(.text) refers to atan2.o(i.__hardfp_atan2) for __hardfp_atan2
    lcd.o(.text) refers to delay.o(.text) for delay_ms
    startup_tm4c123.o(STACK) refers (Special) to heapauxi.o(.text) for __use_two_region_memory
    startup_tm4c123.o(HEAP) refers (Special) to heapauxi.o(.text) for __use_two_region_memory
    startup_tm4c123.o(RESET) refers (Special) to heapauxi.o(.text) for __use_two_region_memory
    startup_tm4c123.o(RESET) refers to startup_tm4c123.o(STACK) for __initial_sp
    startup_tm4c123.o(RESET) refers to startup_tm4c123.o(.text) for Reset_Handler
    startup_tm4c123.o(.text) refers (Special) to heapauxi.o(.text) for __use_two_region_memory
    startup_tm4c123.o(.text) refers to __main.o(!!!main) for __main
    startup_tm4c123.o(.text) refers to startup_tm4c123.o(HEAP) for Heap_Mem
    startup_tm4c123.o(.text) refers to startup_tm4c123.o(STACK) for Stack_Mem
    functions.o(.text) refers to dflt_clz.o(x$fpl$dflt) for __aeabi_i2d
    functions.o(.text) refers to pow.o(i.__hardfp_pow) for __hardfp_pow
    functions.o(.text) refers to f2d.o(x$fpl$f2d) for __aeabi_f2d
    functions.o(.text) refers to dmul.o(x$fpl$dmul) for __aeabi_dmul
    functions.o(.text) refers to d2f.o(x$fpl$d2f) for __aeabi_d2f
    functions.o(.text) refers to functions.o(.data) for i
    functions.o(.text) refers to functions.o(.bss) for res
    main.o(.text) refers to uart.o(.text) for UART_Init
    main.o(.text) refers to lcd.o(.text) for LCD_init
    main.o(.text) refers to delay.o(.text) for delay_ms
    main.o(.text) refers to gps.o(.text) for GPS_FormatLat
    main.o(.text) refers to buzzer.o(.text) for morsee
    strtok.o(.text) refers to strtok_int.o(.text) for __strtok_internal
    strtok.o(.text) refers to strtok.o(.data) for .data
    __main.o(!!!main) refers to rtentry.o(.ARM.Collect$$rtentry$$00000000) for __rt_entry
    basic.o(x$fpl$basic) refers (Special) to usenofp.o(x$fpl$usenofp) for __I$use$fp
    d2f.o(x$fpl$d2f) refers (Special) to usenofp.o(x$fpl$usenofp) for __I$use$fp
    d2f.o(x$fpl$d2f) refers to fretinf.o(x$fpl$fretinf) for __fpl_fretinf
    d2f.o(x$fpl$d2f) refers to dnaninf.o(x$fpl$dnaninf) for __fpl_dnaninf
    daddsub_clz.o(x$fpl$dadd) refers (Special) to usenofp.o(x$fpl$usenofp) for __I$use$fp
    daddsub_clz.o(x$fpl$dadd) refers to daddsub_clz.o(x$fpl$dsub) for _dsub1
    daddsub_clz.o(x$fpl$dadd) refers to dretinf.o(x$fpl$dretinf) for __fpl_dretinf
    daddsub_clz.o(x$fpl$dadd) refers to dnaninf.o(x$fpl$dnaninf) for __fpl_dnaninf
    daddsub_clz.o(x$fpl$drsb) refers (Special) to usenofp.o(x$fpl$usenofp) for __I$use$fp
    daddsub_clz.o(x$fpl$drsb) refers to daddsub_clz.o(x$fpl$dadd) for _dadd1
    daddsub_clz.o(x$fpl$drsb) refers to daddsub_clz.o(x$fpl$dsub) for _dsub1
    daddsub_clz.o(x$fpl$dsub) refers (Special) to usenofp.o(x$fpl$usenofp) for __I$use$fp
    daddsub_clz.o(x$fpl$dsub) refers to daddsub_clz.o(x$fpl$dadd) for _dadd1
    daddsub_clz.o(x$fpl$dsub) refers to dnaninf.o(x$fpl$dnaninf) for __fpl_dnaninf
    ddiv.o(x$fpl$drdiv) refers (Special) to usenofp.o(x$fpl$usenofp) for __I$use$fp
    ddiv.o(x$fpl$drdiv) refers to ddiv.o(x$fpl$ddiv) for ddiv_entry
    ddiv.o(x$fpl$ddiv) refers (Special) to usenofp.o(x$fpl$usenofp) for __I$use$fp
    ddiv.o(x$fpl$ddiv) refers to dretinf.o(x$fpl$dretinf) for __fpl_dretinf
    ddiv.o(x$fpl$ddiv) refers to dnaninf.o(x$fpl$dnaninf) for __fpl_dnaninf
    dflt_clz.o(x$fpl$dfltu) refers (Special) to usenofp.o(x$fpl$usenofp) for __I$use$fp
    dflt_clz.o(x$fpl$dflt) refers (Special) to usenofp.o(x$fpl$usenofp) for __I$use$fp
[...]
    ../clib/angel/startup.s                  0x00000000   Number         0  __main.o ABSOLUTE
    ../clib/angel/sys.s                      0x00000000   Number         0  indicate_semi.o ABSOLUTE
    ../clib/angel/sys.s                      0x00000000   Number         0  use_no_semi.o ABSOLUTE
    ../clib/angel/sys.s                      0x00000000   Number         0  libspace.o ABSOLUTE
    ../clib/angel/sys.s                      0x00000000   Number         0  sys_stackheap_outer.o ABSOLUTE
    ../clib/angel/sysapp.c                   0x00000000   Number         0  sys_exit.o ABSOLUTE
    ../clib/angel/sysapp.c                   0x00000000   Number         0  sys_wrch.o ABSOLUTE
    ../clib/angel/sysapp.c                   0x00000000   Number         0  sys_command.o ABSOLUTE
    ../clib/armsys.c                         0x00000000   Number         0  argv_veneer.o ABSOLUTE
    ../clib/armsys.c                         0x00000000   Number         0  argv_veneer.o ABSOLUTE
    ../clib/armsys.c                         0x00000000   Number         0  no_argv.o ABSOLUTE
    ../clib/armsys.c                         0x00000000   Number         0  _get_argv_nomalloc.o ABSOLUTE
    ../clib/bigflt.c                         0x00000000   Number         0  bigflt0.o ABSOLUTE
    ../clib/btod.s                           0x00000000   Number         0  btod.o ABSOLUTE
    ../clib/ctype.c                          0x00000000   Number         0  isspace.o ABSOLUTE
    ../clib/fenv.c                           0x00000000   Number         0  _rserrno.o ABSOLUTE
    ../clib/heapalloc.c                      0x00000000   Number         0  hrguard.o ABSOLUTE
    ../clib/heapaux.c                        0x00000000   Number         0  heapauxi.o ABSOLUTE
    ../clib/libinit.s                        0x00000000   Number         0  libinit.o ABSOLUTE
    ../clib/libinit.s                        0x00000000   Number         0  libshutdown.o ABSOLUTE
    ../clib/libinit.s                        0x00000000   Number         0  libshutdown2.o ABSOLUTE
    ../clib/libinit.s                        0x00000000   Number         0  libinit2.o ABSOLUTE
    ../clib/locale.s                         0x00000000   Number         0  lc_ctype_c.o ABSOLUTE
    ../clib/locale.s                         0x00000000   Number         0  lc_numeric_c.o ABSOLUTE
    ../clib/longlong.s                       0x00000000   Number         0  llshl.o ABSOLUTE
    ../clib/memcpset.s                       0x00000000   Number         0  strcmpv7m.o ABSOLUTE
    ../clib/scanf.c                          0x00000000   Number         0  scanf_infnan.o ABSOLUTE
    ../clib/scanf.c                          0x00000000   Number         0  scanf_hexfp.o ABSOLUTE
    ../clib/scanf.c                          0x00000000   Number         0  _sgetc.o ABSOLUTE
    ../clib/scanf.c                          0x00000000   Number         0  strtod.o ABSOLUTE
    ../clib/scanf.c                          0x00000000   Number         0  scanf_fp.o ABSOLUTE
    ../clib/scanf.c                          0x00000000   Number         0  _chval.o ABSOLUTE
    ../clib/signal.c                         0x00000000   Number         0  defsig_rtred_inner.o ABSOLUTE
    ../clib/signal.c                         0x00000000   Number         0  defsig_rtmem_formal.o ABSOLUTE
    ../clib/signal.c                         0x00000000   Number         0  defsig_stak_inner.o ABSOLUTE
    ../clib/signal.c                         0x00000000   Number         0  defsig_cppl_inner.o ABSOLUTE
    ../clib/signal.c                         0x00000000   Number         0  defsig_segv_inner.o ABSOLUTE
    ../clib/signal.c                         0x00000000   Number         0  defsig_exit.o ABSOLUTE
    ../clib/signal.c                         0x00000000   Number         0  defsig_pvfn_inner.o ABSOLUTE
    ../clib/signal.c                         0x00000000   Number         0  defsig_other.o ABSOLUTE
    ../clib/signal.c                         0x00000000   Number         0  defsig_fpe_inner.o ABSOLUTE
    ../clib/signal.c                         0x00000000   Number         0  defsig_abrt_inner.o ABSOLUTE
    ../clib/signal.c                         0x00000000   Number         0  defsig_general.o ABSOLUTE
    ../clib/signal.c                         0x00000000   Number         0  __raise.o ABSOLUTE
    ../clib/signal.c                         0x00000000   Number         0  defsig_rtmem_outer.o ABSOLUTE
    ../clib/signal.c                         0x00000000   Number         0  defsig_rtmem_inner.o ABSOLUTE
    ../clib/signal.s                         0x00000000   Number         0  defsig.o ABSOLUTE
    ../clib/stdlib.c                         0x00000000   Number         0  exit.o ABSOLUTE
    ../clib/string.c                         0x00000000   Number         0  strspn.o ABSOLUTE
    ../clib/string.c                         0x00000000   Number         0  strtok_int.o ABSOLUTE
    ../clib/string.c                         0x00000000   Number         0  strtok.o ABSOLUTE
    ../clib/string.c                         0x00000000   Number         0  strcpy.o ABSOLUTE
    ../clib/string.c                         0x00000000   Number         0  strcspn.o ABSOLUTE
    ../fplib/basic.s                         0x00000000   Number         0  basic.o ABSOLUTE
    ../fplib/d2f.s                           0x00000000   Number         0  d2f.o ABSOLUTE
    ../fplib/daddsub.s                       0x00000000   Number         0  daddsub_clz.o ABSOLUTE
    ../fplib/dcheck1.s                       0x00000000   Number         0  dcheck1.o ABSOLUTE
    ../fplib/dcmpi.s                         0x00000000   Number         0  dcmpi.o ABSOLUTE
    ../fplib/ddiv.s                          0x00000000   Number         0  ddiv.o ABSOLUTE
    ../fplib/deqf.s                          0x00000000   Number         0  deqf.o ABSOLUTE
    ../fplib/dfix.s                          0x00000000   Number         0  dfix.o ABSOLUTE
    ../fplib/dflt.s                          0x00000000   Number         0  dflt_clz.o ABSOLUTE
    ../fplib/dleqf.s                         0x00000000   Number         0  dleqf.o ABSOLUTE
    ../fplib/dmul.s                          0x00000000   Number         0  dmul.o ABSOLUTE
    ../fplib/dnaninf.s                       0x00000000   Number         0  dnaninf.o ABSOLUTE
    ../fplib/dretinf.s                       0x00000000   Number         0  dretinf.o ABSOLUTE
    ../fplib/drleqf.s                        0x00000000   Number         0  drleqf.o ABSOLUTE
    ../fplib/dsqrt.s                         0x00000000   Number         0  dsqrt_umaal.o ABSOLUTE
    ../fplib/f2d.s                           0x00000000   Number         0  f2d.o ABSOLUTE
    ../fplib/fnaninf.s                       0x00000000   Number         0  fnaninf.o ABSOLUTE
    ../fplib/fpconst.s                       0x00000000   Number         0  fpconst.o ABSOLUTE
    ../fplib/fpinit.s                        0x00000000   Number         0  fpinit.o ABSOLUTE
    ../fplib/fretinf.s                       0x00000000   Number         0  fretinf.o ABSOLUTE
    ../fplib/istatus.s                       0x00000000   Number         0  istatus.o ABSOLUTE
    ../fplib/retnan.s                        0x00000000   Number         0  retnan.o ABSOLUTE
    ../fplib/scalbn.s                        0x00000000   Number         0  scalbn.o ABSOLUTE
    ../fplib/scanf1.s                        0x00000000   Number         0  scanf1.o ABSOLUTE
    ../fplib/scanf2.s                        0x00000000   Number         0  scanf2.o ABSOLUTE
    ../fplib/scanf2a.s                       0x00000000   Number         0  scanf2a.o ABSOLUTE
    ../fplib/scanf2b.s                       0x00000000   Number         0  scanf2b.o ABSOLUTE
    ../fplib/trapv.s                         0x00000000   Number         0  trapv.o ABSOLUTE
    ../fplib/usenofp.s                       0x00000000   Number         0  usenofp.o ABSOLUTE
    ../mathlib/atan.c                        0x00000000   Number         0  atan.o ABSOLUTE
    ../mathlib/atan.c                        0x00000000   Number         0  atan_x.o ABSOLUTE
    ../mathlib/atan2.c                       0x00000000   Number         0  atan2.o ABSOLUTE
    ../mathlib/atan2.c                       0x00000000   Number         0  atan2_x.o ABSOLUTE
    ../mathlib/atof.c                        0x00000000   Number         0  atof.o ABSOLUTE
    ../mathlib/cos.c                         0x00000000   Number         0  cos_x.o ABSOLUTE
    ../mathlib/cos.c                         0x00000000   Number         0  cos.o ABSOLUTE
    ../mathlib/cos_i.c                       0x00000000   Number         0  cos_i.o ABSOLUTE
    ../mathlib/dunder.c                      0x00000000   Number         0  dunder.o ABSOLUTE
    ../mathlib/fabs.c                        0x00000000   Number         0  fabs.o ABSOLUTE
    ../mathlib/fpclassify.c                  0x00000000   Number         0  fpclassify.o ABSOLUTE
    ../mathlib/frexp.c                       0x00000000   Number         0  frexp.o ABSOLUTE
    ../mathlib/ldexp.c                       0x00000000   Number         0  ldexp_x.o ABSOLUTE
    ../mathlib/ldexp.c                       0x00000000   Number         0  ldexp.o ABSOLUTE
    ../mathlib/narrow.c                      0x00000000   Number         0  narrow.o ABSOLUTE
    ../mathlib/poly.c                        0x00000000   Number         0  poly.o ABSOLUTE
    ../mathlib/pow.c                         0x00000000   Number         0  pow_x.o ABSOLUTE
    ../mathlib/pow.c                         0x00000000   Number         0  pow.o ABSOLUTE
    ../mathlib/qnan.c                        0x00000000   Number         0  qnan.o ABSOLUTE
    ../mathlib/rred.c                        0x00000000   Number         0  rred.o ABSOLUTE
    ../mathlib/sin.c                         0x00000000   Number         0  sin.o ABSOLUTE
    ../mathlib/sin.c                         0x00000000   Number         0  sin_x.o ABSOLUTE
    ../mathlib/sin_i.c                       0x00000000   Number         0  sin_i_x.o ABSOLUTE
    ../mathlib/sin_i.c                       0x00000000   Number         0  sin_i.o ABSOLUTE
    ../mathlib/sqrt.c                        0x00000000   Number         0  sqrt.o ABSOLUTE
    ../mathlib/sqrt.c                        0x00000000   Number         0  sqrt_x.o ABSOLUTE
    HAL\src\Buzzer.c                         0x00000000   Number         0  buzzer.o ABSOLUTE
    HAL\src\GPS.c                            0x00000000   Number         0  gps.o ABSOLUTE
    HAL\src\LCD.c                            0x00000000   Number         0  lcd.o ABSOLUTE
    MCAL\src\Delay.c                         0x00000000   Number         0  delay.o ABSOLUTE
    MCAL\src\UART.c                          0x00000000   Number         0  uart.o ABSOLUTE
    dc.s                                     0x00000000   Number         0  dc.o ABSOLUTE
    main.c                                   0x00000000   Number         0  main.o ABSOLUTE
    services\src\Functions.c                 0x00000000   Number         0  functions.o ABSOLUTE
    startup_TM4C123.s                        0x00000000   Number         0  startup_tm4c123.o ABSOLUTE
    !!!main                                  0x0000026c   Section        8  __main.o(!!!main)
    !!!scatter                               0x00000274   Section       52  __scatter.o(!!!scatter)
    !!handler_copy                           0x000002a8   Section       26  __scatter_copy.o(!!handler_copy)
    !!handler_zi                             0x000002c4   Section       28  __scatter_zi.o(!!handler_zi)
    .ARM.Collect$$libinit$$00000000          0x000002e0   Section        2  libinit.o(.ARM.Collect$$libinit$$00000000)
    .ARM.Collect$$libinit$$00000001          0x000002e2   Section        4  libinit2.o(.ARM.Collect$$libinit$$00000001)
    .ARM.Collect$$libinit$$00000008          0x000002e6   Section        0  libinit2.o(.ARM.Collect$$libinit$$00000008)
    .ARM.Collect$$libinit$$0000000A          0x000002e6   Section        0  libinit2.o(.ARM.Collect$$libinit$$0000000A)
    .ARM.Collect$$libinit$$0000000C          0x000002e6   Section        0  libinit2.o(.ARM.Collect$$libinit$$0000000C)
    .ARM.Collect$$libinit$$0000000D          0x000002e6   Section        6  libinit2.o(.ARM.Collect$$libinit$$0000000D)
    .ARM.Collect$$libinit$$0000000F          0x000002ec   Section        0  libinit2.o(.ARM.Collect$$libinit$$0000000F)
    .ARM.Collect$$libinit$$00000010          0x000002ec   Section       12  libinit2.o(.ARM.Collect$$libinit$$00000010)
    .ARM.Collect$$libinit$$00000011          0x000002f8   Section        0  libinit2.o(.ARM.Collect$$libinit$$00000011)
    .ARM.Collect$$libinit$$00000013          0x000002f8   Section        0  libinit2.o(.ARM.Collect$$libinit$$00000013)
    .ARM.Collect$$libinit$$00000014          0x000002f8   Section       10  libinit2.o(.ARM.Collect$$libinit$$00000014)
    .ARM.Collect$$libinit$$00000015          0x00000302   Section        0  libinit2.o(.ARM.Collect$$libinit$$00000015)
    .ARM.Collect$$libinit$$00000017          0x00000302   Section        0  libinit2.o(.ARM.Collect$$libinit$$00000017)
    .ARM.Collect$$libinit$$00000019          0x00000302   Section        0  libinit2.o(.ARM.Collect$$libinit$$00000019)
    .ARM.Collect$$libinit$$0000001B          0x00000302   Section        0  libinit2.o(.ARM.Collect$$libinit$$0000001B)
    .ARM.Collect$$libinit$$0000001D          0x00000302   Section        0  libinit2.o(.ARM.Collect$$libinit$$0000001D)
    .ARM.Collect$$libinit$$0000001F          0x00000302   Section        0  libinit2.o(.ARM.Collect$$libinit$$0000001F)
    .ARM.Collect$$libinit$$00000021          0x00000302   Section        0  libinit2.o(.ARM.Collect$$libinit$$00000021)
    .ARM.Collect$$libinit$$00000023          0x00000302   Section        0  libinit2.o(.ARM.Collect$$libinit$$00000023)
    .ARM.Collect$$libinit$$0000002A          0x00000302   Section        0  libinit2.o(.ARM.Collect$$libinit$$0000002A)
    .ARM.Collect$$libinit$$0000002C          0x00000302   Section        0  libinit2.o(.ARM.Collect$$libinit$$0000002C)
    .ARM.Collect$$libinit$$0000002E          0x00000302   Section        0  libinit2.o(.ARM.Collect$$libinit$$0000002E)
    .ARM.Collect$$libinit$$00000030          0x00000302   Section        0  libinit2.o(.ARM.Collect$$libinit$$00000030)
    .ARM.Collect$$libinit$$00000031          0x00000302   Section        2  libinit2.o(.ARM.Collect$$libinit$$00000031)
    .ARM.Collect$$libshutdown$$00000000      0x00000304   Section        2  libshutdown.o(.ARM.Collect$$libshutdown$$00000000)
    .ARM.Collect$$libshutdown$$00000003      0x00000306   Section        0  libshutdown2.o(.ARM.Collect$$libshutdown$$00000003)
    .ARM.Collect$$libshutdown$$00000006      0x00000306   Section        0  libshutdown2.o(.ARM.Collect$$libshutdown$$00000006)
    .ARM.Collect$$libshutdown$$00000009      0x00000306   Section        0  libshutdown2.o(.ARM.Collect$$libshutdown$$00000009)
    .ARM.Collect$$libshutdown$$0000000B      0x00000306   Section        0  libshutdown2.o(.ARM.Collect$$libshutdown$$0000000B)
    .ARM.Collect$$libshutdown$$0000000E      0x00000306   Section        0  libshutdown2.o(.ARM.Collect$$libshutdown$$0000000E)
    .ARM.Collect$$libshutdown$$0000000F      0x00000306   Section        2  libshutdown2.o(.ARM.Collect$$libshutdown$$0000000F)
    .ARM.Collect$$rtentry$$00000000          0x00000308   Section        0  rtentry.o(.ARM.Collect$$rtentry$$00000000)
    .ARM.Collect$$rtentry$$00000002          0x00000308   Section        0  rtentry2.o(.ARM.Collect$$rtentry$$00000002)
    .ARM.Collect$$rtentry$$00000004          0x00000308   Section        6  rtentry4.o(.ARM.Collect$$rtentry$$00000004)
    .ARM.Collect$$rtentry$$00000009          0x0000030e   Section        0  rtentry2.o(.ARM.Collect$$rtentry$$00000009)
    .ARM.Collect$$rtentry$$0000000A          0x0000030e   Section        4  rtentry2.o(.ARM.Collect$$rtentry$$0000000A)
    .ARM.Collect$$rtentry$$0000000C          0x00000312   Section        0  rtentry2.o(.ARM.Collect$$rtentry$$0000000C)
    .ARM.Collect$$rtentry$$0000000D          0x00000312   Section        8  rtentry2.o(.ARM.Collect$$rtentry$$0000000D)
    .ARM.Collect$$rtexit$$00000000           0x0000031a   Section        2  rtexit.o(.ARM.Collect$$rtexit$$00000000)
    .ARM.Collect$$rtexit$$00000002           0x0000031c   Section        0  rtexit2.o(.ARM.Collect$$rtexit$$00000002)
    .ARM.Collect$$rtexit$$00000003           0x0000031c   Section        4  rtexit2.o(.ARM.Collect$$rtexit$$00000003)
    .ARM.Collect$$rtexit$$00000004           0x00000320   Section        6  rtexit2.o(.ARM.Collect$$rtexit$$00000004)
    .text                                    0x00000328   Section        0  buzzer.o(.text)
    .text                                    0x00000460   Section        0  gps.o(.text)
    .text                                    0x00000a10   Section        0  lcd.o(.text)
    .text                                    0x00000bd0   Section        0  delay.o(.text)
    .text                                    0x00000c18   Section        0  uart.o(.text)
    .text                                    0x00000cf4   Section      268  startup_tm4c123.o(.text)
    $v0                                      0x00000cf4   Number         0  startup_tm4c123.o(.text)
    .text                                    0x00000e00   Section        0  main.o(.text)
    .text                                    0x0000105c   Section        0  strtok.o(.text)
    .text                                    0x00001068   Section        0  strcpy.o(.text)
    .text                                    0x000010b0   Section      128  strcmpv7m.o(.text)
    .text                                    0x00001130   Section        0  heapauxi.o(.text)
    .text                                    0x00001136   Section        0  _rserrno.o(.text)
    .text                                    0x0000114c   Section        0  strtod.o(.text)
    _local_sscanf                            0x0000114d   Thumb Code    60  strtod.o(.text)
    .text                                    0x000011ec   Section        0  strtok_int.o(.text)
    .text                                    0x00001230   Section        8  rt_errno_addr_intlibspace.o(.text)
    .text                                    0x00001238   Section        0  isspace.o(.text)
    .text                                    0x0000124a   Section        0  _sgetc.o(.text)
    .text                                    0x0000128a   Section        0  strcspn.o(.text)
    .text                                    0x000012aa   Section        0  strspn.o(.text)
    .text                                    0x000012c8   Section        8  libspace.o(.text)
    .text                                    0x000012d0   Section       74  sys_stackheap_outer.o(.text)
    .text                                    0x0000131c   Section       16  rt_ctype_table.o(.text)
    .text                                    0x0000132c   Section        0  scanf_fp.o(.text)
    _fp_value                                0x0000132d   Thumb Code   504  scanf_fp.o(.text)
    .text                                    0x000017d0   Section        0  exit.o(.text)
    .text                                    0x000017dc   Section        8  rt_locale_intlibspace.o(.text)
    .text                                    0x000017e4   Section        0  bigflt0.o(.text)
    .text                                    0x000018c8   Section        0  scanf_hexfp.o(.text)
    .text                                    0x00001bdc   Section        0  scanf_infnan.o(.text)
    .text                                    0x00001d18   Section        0  sys_exit.o(.text)
    .text                                    0x00001d24   Section       38  llshl.o(.text)
    .text                                    0x00001d4a   Section        0  _chval.o(.text)
    .text                                    0x00001d66   Section        2  use_no_semi.o(.text)
    .text                                    0x00001d68   Section        0  indicate_semi.o(.text)
    CL$$btod_div_common                      0x00001d68   Section      824  btod.o(CL$$btod_div_common)
    CL$$btod_e2d                             0x000020a0   Section       84  btod.o(CL$$btod_e2d)
    CL$$btod_e2e                             0x000020f4   Section      198  btod.o(CL$$btod_e2e)
    CL$$btod_ediv                            0x000021ba   Section       40  btod.o(CL$$btod_ediv)
    CL$$btod_edivd                           0x000021e2   Section       40  btod.o(CL$$btod_edivd)
    CL$$btod_emul                            0x0000220a   Section       40  btod.o(CL$$btod_emul)
    CL$$btod_emuld                           0x00002232   Section       40  btod.o(CL$$btod_emuld)
    CL$$btod_mult_common                     0x0000225a   Section      580  btod.o(CL$$btod_mult_common)
    i.__ARM_fpclassify                       0x0000249e   Section        0  fpclassify.o(i.__ARM_fpclassify)
    i.__hardfp_atan                          0x000024d0   Section        0  atan.o(i.__hardfp_atan)
    i.__hardfp_atan2                         0x000027b8   Section        0  atan2.o(i.__hardfp_atan2)
    i.__hardfp_atof                          0x00002998   Section        0  atof.o(i.__hardfp_atof)
    i.__hardfp_cos                           0x000029d0   Section        0  cos.o(i.__hardfp_cos)
    i.__hardfp_ldexp                         0x00002aa8   Section        0  ldexp.o(i.__hardfp_ldexp)
    i.__hardfp_sin                           0x00002b90   Section        0  sin.o(i.__hardfp_sin)
    i.__hardfp_sqrt                          0x00002c68   Section        0  sqrt.o(i.__hardfp_sqrt)
    i.__ieee754_rem_pio2                     0x00002ce8   Section        0  rred.o(i.__ieee754_rem_pio2)
    i.__kernel_cos                           0x00003140   Section        0  cos_i.o(i.__kernel_cos)
    i.__kernel_poly                          0x000032b0   Section        0  poly.o(i.__kernel_poly)
    i.__kernel_sin                           0x000033a8   Section        0  sin_i.o(i.__kernel_sin)
    i.__mathlib_dbl_underflow                0x000034d8   Section        0  dunder.o(i.__mathlib_dbl_underflow)
    i.__mathlib_narrow                       0x000034f8   Section        0  narrow.o(i.__mathlib_narrow)
    i.__support_ldexp                        0x000035b0   Section        0  ldexp.o(i.__support_ldexp)
    i._is_digit                              0x000035c4   Section        0  scanf_fp.o(i._is_digit)
    i.atan                                   0x000035d2   Section        0  atan.o(i.atan)
    i.fabs                                   0x000035e2   Section        0  fabs.o(i.fabs)
    i.frexp                                  0x00003608   Section        0  frexp.o(i.frexp)
    locale$$code                             0x000036a4   Section       44  lc_numeric_c.o(locale$$code)
    locale$$code                             0x000036d0   Section       44  lc_ctype_c.o(locale$$code)
    x$fpl$basic                              0x000036fc   Section       24  basic.o(x$fpl$basic)
    $v0                                      0x000036fc   Number         0  basic.o(x$fpl$basic)
    x$fpl$d2f                                0x00003714   Section       98  d2f.o(x$fpl$d2f)
    $v0                                      0x00003714   Number         0  d2f.o(x$fpl$d2f)
    x$fpl$dadd                               0x00003778   Section      336  daddsub_clz.o(x$fpl$dadd)
    $v0                                      0x00003778   Number         0  daddsub_clz.o(x$fpl$dadd)
    _dadd1                                   0x00003789   Thumb Code     0  daddsub_clz.o(x$fpl$dadd)
    x$fpl$dcheck1                            0x000038c8   Section       16  dcheck1.o(x$fpl$dcheck1)
    $v0                                      0x000038c8   Number         0  dcheck1.o(x$fpl$dcheck1)
    x$fpl$dcmpinf                            0x000038d8   Section       24  dcmpi.o(x$fpl$dcmpinf)
    $v0                                      0x000038d8   Number         0  dcmpi.o(x$fpl$dcmpinf)
    x$fpl$ddiv                               0x000038f0   Section      688  ddiv.o(x$fpl$ddiv)
    $v0                                      0x000038f0   Number         0  ddiv.o(x$fpl$ddiv)
    ddiv_entry                               0x000038f7   Thumb Code     0  ddiv.o(x$fpl$ddiv)
    x$fpl$deqf                               0x00003ba0   Section      120  deqf.o(x$fpl$deqf)
    $v0                                      0x00003ba0   Number         0  deqf.o(x$fpl$deqf)
    x$fpl$dfix                               0x00003c18   Section       94  dfix.o(x$fpl$dfix)
    $v0                                      0x00003c18   Number         0  dfix.o(x$fpl$dfix)
    x$fpl$dflt                               0x00003c76   Section       46  dflt_clz.o(x$fpl$dflt)
    $v0                                      0x00003c76   Number         0  dflt_clz.o(x$fpl$dflt)
    x$fpl$dfltu                              0x00003ca4   Section       38  dflt_clz.o(x$fpl$dfltu)
    $v0                                      0x00003ca4   Number         0  dflt_clz.o(x$fpl$dfltu)
    x$fpl$dleqf                              0x00003ccc   Section      120  dleqf.o(x$fpl$dleqf)
    $v0                                      0x00003ccc   Number         0  dleqf.o(x$fpl$dleqf)
    x$fpl$dmul                               0x00003d44   Section      340  dmul.o(x$fpl$dmul)
    $v0                                      0x00003d44   Number         0  dmul.o(x$fpl$dmul)
    x$fpl$dnaninf                            0x00003e98   Section      156  dnaninf.o(x$fpl$dnaninf)
    $v0                                      0x00003e98   Number         0  dnaninf.o(x$fpl$dnaninf)
    x$fpl$dretinf                            0x00003f34   Section       12  dretinf.o(x$fpl$dretinf)
    $v0                                      0x00003f34   Number         0  dretinf.o(x$fpl$dretinf)
    x$fpl$drleqf                             0x00003f40   Section      108  drleqf.o(x$fpl$drleqf)
    $v0                                      0x00003f40   Number         0  drleqf.o(x$fpl$drleqf)
    x$fpl$drsb                               0x00003fac   Section       22  daddsub_clz.o(x$fpl$drsb)
    $v0                                      0x00003fac   Number         0  daddsub_clz.o(x$fpl$drsb)
    x$fpl$dsqrt                              0x00003fc4   Section      408  dsqrt_umaal.o(x$fpl$dsqrt)
    $v0                                      0x00003fc4   Number         0  dsqrt_umaal.o(x$fpl$dsqrt)
    x$fpl$dsub                               0x0000415c   Section      468  daddsub_clz.o(x$fpl$dsub)
    $v0                                      0x0000415c   Number         0  daddsub_clz.o(x$fpl$dsub)
    _dsub1                                   0x0000416d   Thumb Code     0  daddsub_clz.o(x$fpl$dsub)
    x$fpl$f2d                                0x00004330   Section       86  f2d.o(x$fpl$f2d)
    $v0                                      0x00004330   Number         0  f2d.o(x$fpl$f2d)
    x$fpl$fnaninf                            0x00004386   Section      140  fnaninf.o(x$fpl$fnaninf)
    $v0                                      0x00004386   Number         0  fnaninf.o(x$fpl$fnaninf)
    x$fpl$fpinit                             0x00004412   Section       10  fpinit.o(x$fpl$fpinit)
    $v0                                      0x00004412   Number         0  fpinit.o(x$fpl$fpinit)
    x$fpl$fretinf                            0x0000441c   Section       10  fretinf.o(x$fpl$fretinf)
    $v0                                      0x0000441c   Number         0  fretinf.o(x$fpl$fretinf)
    x$fpl$retnan                             0x00004426   Section      100  retnan.o(x$fpl$retnan)
    $v0                                      0x00004426   Number         0  retnan.o(x$fpl$retnan)
    x$fpl$scalbn                             0x0000448a   Section       92  scalbn.o(x$fpl$scalbn)
    $v0                                      0x0000448a   Number         0  scalbn.o(x$fpl$scalbn)
    x$fpl$scanf1                             0x000044e6   Section        4  scanf1.o(x$fpl$scanf1)
    $v0                                      0x000044e6   Number         0  scanf1.o(x$fpl$scanf1)
    x$fpl$scanf2                             0x000044ea   Section        8  scanf2.o(x$fpl$scanf2)
    $v0                                      0x000044ea   Number         0  scanf2.o(x$fpl$scanf2)
    x$fpl$trapveneer                         0x000044f2   Section       48  trapv.o(x$fpl$trapveneer)
    $v0                                      0x000044f2   Number         0  trapv.o(x$fpl$trapveneer)
    x$fpl$usenofp                            0x00004522   Section        0  usenofp.o(x$fpl$usenofp)
    .constdata                               0x00004528   Section      152  atan.o(.constdata)
    atanhi                                   0x00004528   Data          32  atan.o(.constdata)
    atanlo                                   0x00004548   Data          32  atan.o(.constdata)
    aTodd                                    0x00004568   Data          40  atan.o(.constdata)
    aTeven                                   0x00004590   Data          48  atan.o(.constdata)
    .constdata                               0x000045c0   Section       48  cos_i.o(.constdata)
    C                                        0x000045c0   Data          48  cos_i.o(.constdata)
    .constdata                               0x000045f0   Section        8  qnan.o(.constdata)
    .constdata                               0x000045f8   Section      200  rred.o(.constdata)
    pio2s                                    0x000045f8   Data          48  rred.o(.constdata)
    twooverpi                                0x00004628   Data         152  rred.o(.constdata)
    .constdata                               0x000046c0   Section       40  sin_i.o(.constdata)
    S                                        0x000046c0   Data          40  sin_i.o(.constdata)
    .constdata                               0x000046e8   Section      148  bigflt0.o(.constdata)
    tenpwrs_x                                0x000046e8   Data          60  bigflt0.o(.constdata)
    tenpwrs_i                                0x00004724   Data          64  bigflt0.o(.constdata)
    c$$dinf                                  0x0000479c   Section        8  fpconst.o(c$$dinf)
    locale$$data                             0x000047a4   Section       28  lc_numeric_c.o(locale$$data)
    __lcnum_c_name                           0x000047a8   Data           2  lc_numeric_c.o(locale$$data)
    __lcnum_c_start                          0x000047b0   Data           0  lc_numeric_c.o(locale$$data)
    __lcnum_c_point                          0x000047bc   Data           0  lc_numeric_c.o(locale$$data)
    __lcnum_c_thousands                      0x000047be   Data           0  lc_numeric_c.o(locale$$data)
    __lcnum_c_grouping                       0x000047bf   Data           0  lc_numeric_c.o(locale$$data)
    locale$$data                             0x000047c0   Section      272  lc_ctype_c.o(locale$$data)
    __lcnum_c_end                            0x000047c0   Data           0  lc_numeric_c.o(locale$$data)
    __lcctype_c_name                         0x000047c4   Data           2  lc_ctype_c.o(locale$$data)
    __lcctype_c_start                        0x000047cc   Data           0  lc_ctype_c.o(locale$$data)
    __lcctype_c_end                          0x000048d0   Data           0  lc_ctype_c.o(locale$$data)
    .data                                    0x20000000   Section       12  buzzer.o(.data)
    .data                                    0x2000000c   Section       20  gps.o(.data)
    .data                                    0x20000020   Section        4  strtok.o(.data)
    _strtok_saves1                           0x20000020   Data           4  strtok.o(.data)
    .bss                                     0x20000024   Section      320  gps.o(.bss)
    .bss                                     0x20000164   Section       96  libspace.o(.bss)
    HEAP                                     0x200001c8   Section        0  startup_tm4c123.o(HEAP)
    STACK                                    0x200001c8   Section      512  startup_tm4c123.o(STACK)
    Heap_Mem                                 0x200001c8   Data           0  startup_tm4c123.o(HEAP)
    Stack_Mem                                0x200001c8   Data         512  startup_tm4c123.o(STACK)
    __initial_sp                             0x200003c8   Data           0  startup_tm4c123.o(STACK)

    Global Symbols

    Symbol Name                              Value     Ov Type        Size  Object(Section)

    BuildAttributes$$THM_ISAv4$E$P$D$K$B$S$7EM$VFPi3$EXTD16$VFPS$VFMA$PE$A:L22UL41UL21$X:L11$S22US41US21$IEEE1$IW$USESV6$~STKCKD$USESV7$~SHL$OTIME$ROPI$IEEEX$EBA8$UX$STANDARDLIB$REQ8$PRES8$EABIv2 0x00000000   Number         0  anon$$obj.o ABSOLUTE
    __ARM_use_no_argv                        0x00000000   Number         0  main.o ABSOLUTE
    __Vectors                                0x00000000   Data           4  startup_tm4c123.o(RESET)
    __ARM_exceptions_init                     - Undefined Weak Reference
    __alloca_initialize                       - Undefined Weak Reference
    __cpp_initialize__aeabi_                  - Undefined Weak Reference
    __cxa_finalize                            - Undefined Weak Reference
    __sigvec_lookup                           - Undefined Weak Reference
    _atexit_init                              - Undefined Weak Reference
    _call_atexit_fns                          - Undefined Weak Reference
    _clock_init                               - Undefined Weak Reference
    _fp_trap_init                             - Undefined Weak Reference
    _fp_trap_shutdown                         - Undefined Weak Reference
    _get_lc_collate                           - Undefined Weak Reference
    _get_lc_monetary                          - Undefined Weak Reference
    _get_lc_time                              - Undefined Weak Reference
    _getenv_init                              - Undefined Weak Reference
    _handle_redirection                       - Undefined Weak Reference
    _init_alloc                               - Undefined Weak Reference
    _init_user_alloc                          - Undefined Weak Reference
    _initio                                   - Undefined Weak Reference
    _rand_init                                - Undefined Weak Reference
    _signal_finish                            - Undefined Weak Reference
    _signal_init                              - Undefined Weak Reference
    _terminate_alloc                          - Undefined Weak Reference
    _terminate_user_alloc                     - Undefined Weak Reference
    _terminateio                              - Undefined Weak Reference
    __Vectors_End                            0x0000026c   Data           0  startup_tm4c123.o(RESET)
    __Vectors_Size                           0x0000026c   Number         0  startup_tm4c123.o ABSOLUTE
    __main                                   0x0000026d   Thumb Code     8  __main.o(!!!main)
    __scatterload                            0x00000275   Thumb Code     0  __scatter.o(!!!scatter)
    __scatterload_rt2                        0x00000275   Thumb Code    44  __scatter.o(!!!scatter)
    __scatterload_rt2_thumb_only             0x00000275   Thumb Code     0  __scatter.o(!!!scatter)
    __scatterload_null                       0x00000283   Thumb Code     0  __scatter.o(!!!scatter)
    __scatterload_copy                       0x000002a9   Thumb Code    26  __scatter_copy.o(!!handler_copy)
    __scatterload_zeroinit                   0x000002c5   Thumb Code    28  __scatter_zi.o(!!handler_zi)
    __rt_lib_init                            0x000002e1   Thumb Code     0  libinit.o(.ARM.Collect$$libinit$$00000000)
    __rt_lib_init_fp_1                       0x000002e3   Thumb Code     0  libinit2.o(.ARM.Collect$$libinit$$00000001)
    __rt_lib_init_heap_1                     0x000002e7   Thumb Code     0  libinit2.o(.ARM.Collect$$libinit$$00000008)
    __rt_lib_init_lc_common                  0x000002e7   Thumb Code     0  libinit2.o(.ARM.Collect$$libinit$$0000000D)
    __rt_lib_init_rand_1                     0x000002e7   Thumb Code     0  libinit2.o(.ARM.Collect$$libinit$$0000000C)
    __rt_lib_init_user_alloc_1               0x000002e7   Thumb Code     0  libinit2.o(.ARM.Collect$$libinit$$0000000A)
    __rt_lib_init_lc_collate_1               0x000002ed   Thumb Code     0  libinit2.o(.ARM.Collect$$libinit$$0000000F)
    __rt_lib_init_lc_ctype_2                 0x000002ed   Thumb Code     0  libinit2.o(.ARM.Collect$$libinit$$00000010)
    __rt_lib_init_lc_ctype_1                 0x000002f9   Thumb Code     0  libinit2.o(.ARM.Collect$$libinit$$00000011)
    __rt_lib_init_lc_monetary_1              0x000002f9   Thumb Code     0  libinit2.o(.ARM.Collect$$libinit$$00000013)
    __rt_lib_init_lc_numeric_2               0x000002f9   Thumb Code     0  libinit2.o(.ARM.Collect$$libinit$$00000014)
    __rt_lib_init_alloca_1                   0x00000303   Thumb Code     0  libinit2.o(.ARM.Collect$$libinit$$0000002C)
    __rt_lib_init_argv_1                     0x00000303   Thumb Code     0  libinit2.o(.ARM.Collect$$libinit$$0000002A)
    __rt_lib_init_atexit_1                   0x00000303   Thumb Code     0  libinit2.o(.ARM.Collect$$libinit$$00000019)
    __rt_lib_init_clock_1                    0x00000303   Thumb Code     0  libinit2.o(.ARM.Collect$$libinit$$0000001F)
    __rt_lib_init_cpp_1                      0x00000303   Thumb Code     0  libinit2.o(.ARM.Collect$$libinit$$00000030)
    __rt_lib_init_exceptions_1               0x00000303   Thumb Code     0  libinit2.o(.ARM.Collect$$libinit$$0000002E)
    __rt_lib_init_fp_trap_1                  0x00000303   Thumb Code     0  libinit2.o(.ARM.Collect$$libinit$$0000001D)
    __rt_lib_init_getenv_1                   0x00000303   Thumb Code     0  libinit2.o(.ARM.Collect$$libinit$$00000021)
    __rt_lib_init_lc_numeric_1               0x00000303   Thumb Code     0  libinit2.o(.ARM.Collect$$libinit$$00000015)
    __rt_lib_init_lc_time_1                  0x00000303   Thumb Code     0  libinit2.o(.ARM.Collect$$libinit$$00000017)
    __rt_lib_init_return                     0x00000303   Thumb Code     0  libinit2.o(.ARM.Collect$$libinit$$00000031)
    __rt_lib_init_signal_1                   0x00000303   Thumb Code     0  libinit2.o(.ARM.Collect$$libinit$$0000001B)
    __rt_lib_init_stdio_1                    0x00000303   Thumb Code     0  libinit2.o(.ARM.Collect$$libinit$$00000023)
    __rt_lib_shutdown                        0x00000305   Thumb Code     0  libshutdown.o(.ARM.Collect$$libshutdown$$00000000)
    __rt_lib_shutdown_fp_trap_1              0x00000307   Thumb Code     0  libshutdown2.o(.ARM.Collect$$libshutdown$$00000006)
    __rt_lib_shutdown_heap_1                 0x00000307   Thumb Code     0  libshutdown2.o(.ARM.Collect$$libshutdown$$0000000E)
    __rt_lib_shutdown_return                 0x00000307   Thumb Code     0  libshutdown2.o(.ARM.Collect$$libshutdown$$0000000F)
    __rt_lib_shutdown_signal_1               0x00000307   Thumb Code     0  libshutdown2.o(.ARM.Collect$$libshutdown$$00000009)
    __rt_lib_shutdown_stdio_1                0x00000307   Thumb Code     0  libshutdown2.o(.ARM.Collect$$libshutdown$$00000003)
    __rt_lib_shutdown_user_alloc_1           0x00000307   Thumb Code     0  libshutdown2.o(.ARM.Collect$$libshutdown$$0000000B)
    __rt_entry                               0x00000309   Thumb Code     0  rtentry.o(.ARM.Collect$$rtentry$$00000000)
    __rt_entry_presh_1                       0x00000309   Thumb Code     0  rtentry2.o(.ARM.Collect$$rtentry$$00000002)
    __rt_entry_sh                            0x00000309   Thumb Code     0  rtentry4.o(.ARM.Collect$$rtentry$$00000004)
    __rt_entry_li                            0x0000030f   Thumb Code     0  rtentry2.o(.ARM.Collect$$rtentry$$0000000A)
    __rt_entry_postsh_1                      0x0000030f   Thumb Code     0  rtentry2.o(.ARM.Collect$$rtentry$$00000009)
    __rt_entry_main                          0x00000313   Thumb Code     0  rtentry2.o(.ARM.Collect$$rtentry$$0000000D)
    __rt_entry_postli_1                      0x00000313   Thumb Code     0  rtentry2.o(.ARM.Collect$$rtentry$$0000000C)
    __rt_exit                                0x0000031b   Thumb Code     0  rtexit.o(.ARM.Collect$$rtexit$$00000000)
    __rt_exit_ls                             0x0000031d   Thumb Code     0  rtexit2.o(.ARM.Collect$$rtexit$$00000003)
    __rt_exit_prels_1                        0x0000031d   Thumb Code     0  rtexit2.o(.ARM.Collect$$rtexit$$00000002)
    __rt_exit_exit                           0x00000321   Thumb Code     0  rtexit2.o(.ARM.Collect$$rtexit$$00000004)
    buzzer_inti                              0x00000329   Thumb Code    50  buzzer.o(.text)
    dot                                      0x0000035b   Thumb Code    56  buzzer.o(.text)
    dash                                     0x00000393   Thumb Code    56  buzzer.o(.text)
    morsee                                   0x000003cb   Thumb Code   116  buzzer.o(.text)
    ToDegree                                 0x00000461   Thumb Code    58  gps.o(.text)
    GPS_READ                                 0x0000049b   Thumb Code    62  gps.o(.text)
    toRAD                                    0x000004d9   Thumb Code   238  gps.o(.text)
    GPS_FormatLat                            0x000005c7   Thumb Code   186  gps.o(.text)
    GPS_FormatLong                           0x00000681   Thumb Code   186  gps.o(.text)
    ToGetDistance                            0x0000073b   Thumb Code   708  gps.o(.text)
    Ports_init                               0x00000a11   Thumb Code    84  lcd.o(.text)
    LCD_print_char                           0x00000a65   Thumb Code    74  lcd.o(.text)
    LCD_cmd                                  0x00000aaf   Thumb Code    74  lcd.o(.text)
    LCD_clear                                0x00000af9   Thumb Code    10  lcd.o(.text)
    LCD_init                                 0x00000b03   Thumb Code    78  lcd.o(.text)
    LCD_setCursor                            0x00000b51   Thumb Code     2  lcd.o(.text)
    LCD_writeStr                             0x00000b53   Thumb Code    24  lcd.o(.text)
    LCD_clearScnd                            0x00000b6b   Thumb Code    50  lcd.o(.text)
    delay_us                                 0x00000bd1   Thumb Code    48  delay.o(.text)
    delay_ms                                 0x00000c01   Thumb Code    24  delay.o(.text)
    UART_Init                                0x00000c19   Thumb Code   140  uart.o(.text)
    UART_SendChar                            0x00000ca5   Thumb Code    18  uart.o(.text)
    UART_SendString                          0x00000cb7   Thumb Code    22  uart.o(.text)
    UART_GetChar                             0x00000ccd   Thumb Code    20  uart.o(.text)
    Reset_Handler                            0x00000cf5   Thumb Code     4  startup_tm4c123.o(.text)
    NMI_Handler                              0x00000cf9   Thumb Code     2  startup_tm4c123.o(.text)
    HardFault_Handler                        0x00000cfb   Thumb Code     2  startup_tm4c123.o(.text)
    MemManage_Handler                        0x00000cfd   Thumb Code     2  startup_tm4c123.o(.text)
    BusFault_Handler                         0x00000cff   Thumb Code     2  startup_tm4c123.o(.text)
    UsageFault_Handler                       0x00000d01   Thumb Code     2  startup_tm4c123.o(.text)
    SVC_Handler                              0x00000d03   Thumb Code     2  startup_tm4c123.o(.text)
    DebugMon_Handler                         0x00000d05   Thumb Code     2  startup_tm4c123.o(.text)
    PendSV_Handler                           0x00000d07   Thumb Code     2  startup_tm4c123.o(.text)
    SysTick_Handler                          0x00000d09   Thumb Code     2  startup_tm4c123.o(.text)
    GPIOA_Handler                            0x00000d0b   Thumb Code     2  startup_tm4c123.o(.text)
    GPIOB_Handler                            0x00000d0d   Thumb Code     2  startup_tm4c123.o(.text)
    GPIOC_Handler                            0x00000d0f   Thumb Code     2  startup_tm4c123.o(.text)
    GPIOD_Handler                            0x00000d11   Thumb Code     2  startup_tm4c123.o(.text)
    GPIOE_Handler                            0x00000d13   Thumb Code     2  startup_tm4c123.o(.text)
    UART0_Handler                            0x00000d15   Thumb Code     2  startup_tm4c123.o(.text)
    UART1_Handler                            0x00000d17   Thumb Code     2  startup_tm4c123.o(.text)
    SSI0_Handler                             0x00000d19   Thumb Code     2  startup_tm4c123.o(.text)
    I2C0_Handler                             0x00000d1b   Thumb Code     2  startup_tm4c123.o(.text)
    PMW0_FAULT_Handler                       0x00000d1d   Thumb Code     2  startup_tm4c123.o(.text)
    PWM0_0_Handler                           0x00000d1f   Thumb Code     2  startup_tm4c123.o(.text)
    PWM0_1_Handler                           0x00000d21   Thumb Code     2  startup_tm4c123.o(.text)
    PWM0_2_Handler                           0x00000d23   Thumb Code     2  startup_tm4c123.o(.text)
    QEI0_Handler                             0x00000d25   Thumb Code     2  startup_tm4c123.o(.text)
    ADC0SS0_Handler                          0x00000d27   Thumb Code     2  startup_tm4c123.o(.text)
    ADC0SS1_Handler                          0x00000d29   Thumb Code     2  startup_tm4c123.o(.text)
    ADC0SS2_Handler                          0x00000d2b   Thumb Code     2  startup_tm4c123.o(.text)
    ADC0SS3_Handler                          0x00000d2d   Thumb Code     2  startup_tm4c123.o(.text)
    WDT0_Handler                             0x00000d2f   Thumb Code     2  startup_tm4c123.o(.text)
    TIMER0A_Handler                          0x00000d31   Thumb Code     2  startup_tm4c123.o(.text)
    TIMER0B_Handler                          0x00000d33   Thumb Code     2  startup_tm4c123.o(.text)
    TIMER1A_Handler                          0x00000d35   Thumb Code     2  startup_tm4c123.o(.text)
    TIMER1B_Handler                          0x00000d37   Thumb Code     2  startup_tm4c123.o(.text)
    TIMER2A_Handler                          0x00000d39   Thumb Code     2  startup_tm4c123.o(.text)
    TIMER2B_Handler                          0x00000d3b   Thumb Code     2  startup_tm4c123.o(.text)
    COMP0_Handler                            0x00000d3d   Thumb Code     2  startup_tm4c123.o(.text)
    COMP1_Handler                            0x00000d3f   Thumb Code     2  startup_tm4c123.o(.text)
    COMP2_Handler                            0x00000d41   Thumb Code     2  startup_tm4c123.o(.text)
    SYSCTL_Handler                           0x00000d43   Thumb Code     2  startup_tm4c123.o(.text)
    FLASH_Handler                            0x00000d45   Thumb Code     2  startup_tm4c123.o(.text)
    GPIOF_Handler                            0x00000d47   Thumb Code     2  startup_tm4c123.o(.text)
    GPIOG_Handler                            0x00000d49   Thumb Code     2  startup_tm4c123.o(.text)
    GPIOH_Handler                            0x00000d4b   Thumb Code     2  startup_tm4c123.o(.text)
    UART2_Handler                            0x00000d4d   Thumb Code     2  startup_tm4c123.o(.text)
    SSI1_Handler                             0x00000d4f   Thumb Code     2  startup_tm4c123.o(.text)
    TIMER3A_Handler                          0x00000d51   Thumb Code     2  startup_tm4c123.o(.text)
    TIMER3B_Handler                          0x00000d53   Thumb Code     2  startup_tm4c123.o(.text)
    I2C1_Handler                             0x00000d55   Thumb Code     2  startup_tm4c123.o(.text)
    QEI1_Handler                             0x00000d57   Thumb Code     2  startup_tm4c123.o(.text)
    CAN0_Handler                             0x00000d59   Thumb Code     2  startup_tm4c123.o(.text)
    CAN1_Handler                             0x00000d5b   Thumb Code     2  startup_tm4c123.o(.text)
    CAN2_Handler                             0x00000d5d   Thumb Code     2  startup_tm4c123.o(.text)
    HIB_Handler                              0x00000d5f   Thumb Code     2  startup_tm4c123.o(.text)
    USB0_Handler                             0x00000d61   Thumb Code     2  startup_tm4c123.o(.text)
    PWM0_3_Handler                           0x00000d63   Thumb Code     2  startup_tm4c123.o(.text)
    UDMA_Handler                             0x00000d65   Thumb Code     2  startup_tm4c123.o(.text)
    UDMAERR_Handler                          0x00000d67   Thumb Code     2  startup_tm4c123.o(.text)
    ADC1SS0_Handler                          0x00000d69   Thumb Code     2  startup_tm4c123.o(.text)
    ADC1SS1_Handler                          0x00000d6b   Thumb Code     2  startup_tm4c123.o(.text)
    ADC1SS2_Handler                          0x00000d6d   Thumb Code     2  startup_tm4c123.o(.text)
    ADC1SS3_Handler                          0x00000d6f   Thumb Code     2  startup_tm4c123.o(.text)
    GPIOJ_Handler                            0x00000d71   Thumb Code     2  startup_tm4c123.o(.text)
    GPIOK_Handler                            0x00000d73   Thumb Code     2  startup_tm4c123.o(.text)
    GPIOL_Handler                            0x00000d75   Thumb Code     2  startup_tm4c123.o(.text)
    SSI2_Handler                             0x00000d77   Thumb Code     2  startup_tm4c123.o(.text)
    SSI3_Handler                             0x00000d79   Thumb Code     2  startup_tm4c123.o(.text)
    UART3_Handler                            0x00000d7b   Thumb Code     2  startup_tm4c123.o(.text)
    UART4_Handler                            0x00000d7d   Thumb Code     2  startup_tm4c123.o(.text)
    UART5_Handler                            0x00000d7f   Thumb Code     2  startup_tm4c123.o(.text)
    UART6_Handler                            0x00000d81   Thumb Code     2  startup_tm4c123.o(.text)
    UART7_Handler                            0x00000d83   Thumb Code     2  startup_tm4c123.o(.text)
    I2C2_Handler                             0x00000d85   Thumb Code     2  startup_tm4c123.o(.text)
    I2C3_Handler                             0x00000d87   Thumb Code     2  startup_tm4c123.o(.text)
    TIMER4A_Handler                          0x00000d89   Thumb Code     2  startup_tm4c123.o(.text)
    TIMER4B_Handler                          0x00000d8b   Thumb Code     2  startup_tm4c123.o(.text)
    TIMER5A_Handler                          0x00000d8d   Thumb Code     2  startup_tm4c123.o(.text)
    TIMER5B_Handler                          0x00000d8f   Thumb Code     2  startup_tm4c123.o(.text)
    WTIMER0A_Handler                         0x00000d91   Thumb Code     2  startup_tm4c123.o(.text)
    WTIMER0B_Handler                         0x00000d93   Thumb Code     2  startup_tm4c123.o(.text)
    WTIMER1A_Handler                         0x00000d95   Thumb Code     2  startup_tm4c123.o(.text)
    WTIMER1B_Handler                         0x00000d97   Thumb Code     2  startup_tm4c123.o(.text)
    WTIMER2A_Handler                         0x00000d99   Thumb Code     2  startup_tm4c123.o(.text)
    WTIMER2B_Handler                         0x00000d9b   Thumb Code     2  startup_tm4c123.o(.text)
    WTIMER3A_Handler                         0x00000d9d   Thumb Code     2  startup_tm4c123.o(.text)
    WTIMER3B_Handler                         0x00000d9f   Thumb Code     2  startup_tm4c123.o(.text)
    WTIMER4A_Handler                         0x00000da1   Thumb Code     2  startup_tm4c123.o(.text)
    WTIMER4B_Handler                         0x00000da3   Thumb Code     2  startup_tm4c123.o(.text)
    WTIMER5A_Handler                         0x00000da5   Thumb Code     2  startup_tm4c123.o(.text)
    WTIMER5B_Handler                         0x00000da7   Thumb Code     2  startup_tm4c123.o(.text)
    FPU_Handler                              0x00000da9   Thumb Code     2  startup_tm4c123.o(.text)
    I2C4_Handler                             0x00000dab   Thumb Code     2  startup_tm4c123.o(.text)
    I2C5_Handler                             0x00000dad   Thumb Code     2  startup_tm4c123.o(.text)
    GPIOM_Handler                            0x00000daf   Thumb Code     2  startup_tm4c123.o(.text)
    GPION_Handler                            0x00000db1   Thumb Code     2  startup_tm4c123.o(.text)
    QEI2_Handler                             0x00000db3   Thumb Code     2  startup_tm4c123.o(.text)
    GPIOP0_Handler                           0x00000db5   Thumb Code     2  startup_tm4c123.o(.text)
    GPIOP1_Handler                           0x00000db7   Thumb Code     2  startup_tm4c123.o(.text)
    GPIOP2_Handler                           0x00000db9   Thumb Code     2  startup_tm4c123.o(.text)
    GPIOP3_Handler                           0x00000dbb   Thumb Code     2  startup_tm4c123.o(.text)
    GPIOP4_Handler                           0x00000dbd   Thumb Code     2  startup_tm4c123.o(.text)
    GPIOP5_Handler                           0x00000dbf   Thumb Code     2  startup_tm4c123.o(.text)
    GPIOP6_Handler                           0x00000dc1   Thumb Code     2  startup_tm4c123.o(.text)
    GPIOP7_Handler                           0x00000dc3   Thumb Code     2  startup_tm4c123.o(.text)
    GPIOQ0_Handler                           0x00000dc5   Thumb Code     2  startup_tm4c123.o(.text)
    GPIOQ1_Handler                           0x00000dc7   Thumb Code     2  startup_tm4c123.o(.text)
    GPIOQ2_Handler                           0x00000dc9   Thumb Code     2  startup_tm4c123.o(.text)
    GPIOQ3_Handler                           0x00000dcb   Thumb Code     2  startup_tm4c123.o(.text)
    GPIOQ4_Handler                           0x00000dcd   Thumb Code     2  startup_tm4c123.o(.text)
    GPIOQ5_Handler                           0x00000dcf   Thumb Code     2  startup_tm4c123.o(.text)
    GPIOQ6_Handler                           0x00000dd1   Thumb Code     2  startup_tm4c123.o(.text)
    GPIOQ7_Handler                           0x00000dd3   Thumb Code     2  startup_tm4c123.o(.text)
    GPIOR_Handler                            0x00000dd5   Thumb Code     2  startup_tm4c123.o(.text)
    GPIOS_Handler                            0x00000dd7   Thumb Code     2  startup_tm4c123.o(.text)
    PMW1_0_Handler                           0x00000dd9   Thumb Code     2  startup_tm4c123.o(.text)
    PWM1_1_Handler                           0x00000ddb   Thumb Code     2  startup_tm4c123.o(.text)
    PWM1_2_Handler                           0x00000ddd   Thumb Code     2  startup_tm4c123.o(.text)
    PWM1_3_Handler                           0x00000ddf   Thumb Code     2  startup_tm4c123.o(.text)
    PWM1_FAULT_Handler                       0x00000de1   Thumb Code     2  startup_tm4c123.o(.text)
    __user_initial_stackheap                 0x00000de5   Thumb Code     0  startup_tm4c123.o(.text)
    main                                     0x00000e01   Thumb Code   524  main.o(.text)
    strtok                                   0x0000105d   Thumb Code     6  strtok.o(.text)
    strcpy                                   0x00001069   Thumb Code    72  strcpy.o(.text)
    strcmp                                   0x000010b1   Thumb Code   128  strcmpv7m.o(.text)
    __use_two_region_memory                  0x00001131   Thumb Code     2  heapauxi.o(.text)
    __rt_heap_escrow$2region                 0x00001133   Thumb Code     2  heapauxi.o(.text)
    __rt_heap_expand$2region                 0x00001135   Thumb Code     2  heapauxi.o(.text)
    __read_errno                             0x00001137   Thumb Code    10  _rserrno.o(.text)
    __set_errno                              0x00001141   Thumb Code    12  _rserrno.o(.text)
    __strtod_int                             0x00001189   Thumb Code    88  strtod.o(.text)
    __strtok_internal                        0x000011ed   Thumb Code    64  strtok_int.o(.text)
    __aeabi_errno_addr                       0x00001231   Thumb Code     8  rt_errno_addr_intlibspace.o(.text)
    __errno$intlibspace                      0x00001231   Thumb Code     0  rt_errno_addr_intlibspace.o(.text)
    __rt_errno_addr$intlibspace              0x00001231   Thumb Code     0  rt_errno_addr_intlibspace.o(.text)
    isspace                                  0x00001239   Thumb Code    18  isspace.o(.text)
    _sgetc                                   0x0000124b   Thumb Code    30  _sgetc.o(.text)
    _sbackspace                              0x00001269   Thumb Code    34  _sgetc.o(.text)
    strcspn                                  0x0000128b   Thumb Code    32  strcspn.o(.text)
    strspn                                   0x000012ab   Thumb Code    28  strspn.o(.text)
    __user_libspace                          0x000012c9   Thumb Code     8  libspace.o(.text)
    __user_perproc_libspace                  0x000012c9   Thumb Code     0  libspace.o(.text)
    __user_perthread_libspace                0x000012c9   Thumb Code     0  libspace.o(.text)
    __user_setup_stackheap                   0x000012d1   Thumb Code    74  sys_stackheap_outer.o(.text)
    __rt_ctype_table                         0x0000131d   Thumb Code    16  rt_ctype_table.o(.text)
    _scanf_really_real                       0x00001525   Thumb Code   672  scanf_fp.o(.text)
    exit                                     0x000017d1   Thumb Code    12  exit.o(.text)
    __rt_locale                              0x000017dd   Thumb Code     8  rt_locale_intlibspace.o(.text)
    _btod_etento                             0x000017e5   Thumb Code   222  bigflt0.o(.text)
    _scanf_really_hex_real                   0x000018c9   Thumb Code   776  scanf_hexfp.o(.text)
    _scanf_really_infnan                     0x00001bdd   Thumb Code   298  scanf_infnan.o(.text)
    _sys_exit                                0x00001d19   Thumb Code     8  sys_exit.o(.text)
    __aeabi_llsl                             0x00001d25   Thumb Code     0  llshl.o(.text)
    _ll_shift_l                              0x00001d25   Thumb Code    38  llshl.o(.text)
    _chval                                   0x00001d4b   Thumb Code    28  _chval.o(.text)
    __I$use$semihosting                      0x00001d67   Thumb Code     0  use_no_semi.o(.text)
    __use_no_semihosting_swi                 0x00001d67   Thumb Code     2  use_no_semi.o(.text)
    __btod_div_common                        0x00001d69   Thumb Code   696  btod.o(CL$$btod_div_common)
    __semihosting_library_function           0x00001d69   Thumb Code     0  indicate_semi.o(.text)
    _e2d                                     0x000020a1   Thumb Code    80  btod.o(CL$$btod_e2d)
    _e2e                                     0x000020f5   Thumb Code   198  btod.o(CL$$btod_e2e)
    _btod_ediv                               0x000021bb   Thumb Code    40  btod.o(CL$$btod_ediv)
    _btod_edivd                              0x000021e3   Thumb Code    40  btod.o(CL$$btod_edivd)
    _btod_emul                               0x0000220b   Thumb Code    40  btod.o(CL$$btod_emul)
    _btod_emuld                              0x00002233   Thumb Code    40  btod.o(CL$$btod_emuld)
    __btod_mult_common                       0x0000225b   Thumb Code   580  btod.o(CL$$btod_mult_common)
    __ARM_fpclassify                         0x0000249f   Thumb Code    48  fpclassify.o(i.__ARM_fpclassify)
    __hardfp_atan                            0x000024d1   Thumb Code   636  atan.o(i.__hardfp_atan)
    __hardfp_atan2                           0x000027b9   Thumb Code   416  atan2.o(i.__hardfp_atan2)
    __hardfp_atof                            0x00002999   Thumb Code    44  atof.o(i.__hardfp_atof)
    __hardfp_cos                             0x000029d1   Thumb Code   200  cos.o(i.__hardfp_cos)
    __hardfp_ldexp                           0x00002aa9   Thumb Code   216  ldexp.o(i.__hardfp_ldexp)
    __hardfp_sin                             0x00002b91   Thumb Code   200  sin.o(i.__hardfp_sin)
    __hardfp_sqrt                            0x00002c69   Thumb Code   122  sqrt.o(i.__hardfp_sqrt)
    __ieee754_rem_pio2                       0x00002ce9   Thumb Code   972  rred.o(i.__ieee754_rem_pio2)
    __kernel_cos                             0x00003141   Thumb Code   322  cos_i.o(i.__kernel_cos)
    __kernel_poly                            0x000032b1   Thumb Code   248  poly.o(i.__kernel_poly)
    __kernel_sin                             0x000033a9   Thumb Code   280  sin_i.o(i.__kernel_sin)
    __mathlib_dbl_underflow                  0x000034d9   Thumb Code    24  dunder.o(i.__mathlib_dbl_underflow)
    __mathlib_narrow                         0x000034f9   Thumb Code   166  narrow.o(i.__mathlib_narrow)
    __support_ldexp                          0x000035b1   Thumb Code    20  ldexp.o(i.__support_ldexp)
    _is_digit                                0x000035c5   Thumb Code    14  scanf_fp.o(i._is_digit)
    atan                                     0x000035d3   Thumb Code    16  atan.o(i.atan)
    fabs                                     0x000035e3   Thumb Code    32  fabs.o(i.fabs)
    frexp                                    0x00003609   Thumb Code   134  frexp.o(i.frexp)
    _get_lc_numeric                          0x000036a5   Thumb Code    44  lc_numeric_c.o(locale$$code)
    _get_lc_ctype                            0x000036d1   Thumb Code    44  lc_ctype_c.o(locale$$code)
    __aeabi_dneg                             0x000036fd   Thumb Code     0  basic.o(x$fpl$basic)
    _dneg                                    0x000036fd   Thumb Code     6  basic.o(x$fpl$basic)
    __aeabi_fneg                             0x00003703   Thumb Code     0  basic.o(x$fpl$basic)
    _fneg                                    0x00003703   Thumb Code     6  basic.o(x$fpl$basic)
    _dabs                                    0x00003709   Thumb Code     6  basic.o(x$fpl$basic)
    _fabs                                    0x0000370f   Thumb Code     6  basic.o(x$fpl$basic)
    __aeabi_d2f                              0x00003715   Thumb Code     0  d2f.o(x$fpl$d2f)
    _d2f                                     0x00003715   Thumb Code    98  d2f.o(x$fpl$d2f)
    __aeabi_dadd                             0x00003779   Thumb Code     0  daddsub_clz.o(x$fpl$dadd)
    _dadd                                    0x00003779   Thumb Code   332  daddsub_clz.o(x$fpl$dadd)
    __fpl_dcheck_NaN1                        0x000038c9   Thumb Code    10  dcheck1.o(x$fpl$dcheck1)
    __fpl_dcmp_Inf                           0x000038d9   Thumb Code    24  dcmpi.o(x$fpl$dcmpinf)
    __aeabi_ddiv                             0x000038f1   Thumb Code     0  ddiv.o(x$fpl$ddiv)
    _ddiv                                    0x000038f1   Thumb Code   552  ddiv.o(x$fpl$ddiv)
    __aeabi_cdcmpeq                          0x00003ba1   Thumb Code     0  deqf.o(x$fpl$deqf)
    _dcmpeq                                  0x00003ba1   Thumb Code   120  deqf.o(x$fpl$deqf)
    __aeabi_d2iz                             0x00003c19   Thumb Code     0  dfix.o(x$fpl$dfix)
    _dfix                                    0x00003c19   Thumb Code    94  dfix.o(x$fpl$dfix)
    __aeabi_i2d                              0x00003c77   Thumb Code     0  dflt_clz.o(x$fpl$dflt)
    _dflt                                    0x00003c77   Thumb Code    46  dflt_clz.o(x$fpl$dflt)
    __aeabi_ui2d                             0x00003ca5   Thumb Code     0  dflt_clz.o(x$fpl$dfltu)
    _dfltu                                   0x00003ca5   Thumb Code    38  dflt_clz.o(x$fpl$dfltu)
    __aeabi_cdcmple                          0x00003ccd   Thumb Code     0  dleqf.o(x$fpl$dleqf)
    _dcmple                                  0x00003ccd   Thumb Code   120  dleqf.o(x$fpl$dleqf)
    __fpl_dcmple_InfNaN                      0x00003d2f   Thumb Code     0  dleqf.o(x$fpl$dleqf)
    __aeabi_dmul                             0x00003d45   Thumb Code     0  dmul.o(x$fpl$dmul)
    _dmul                                    0x00003d45   Thumb Code   332  dmul.o(x$fpl$dmul)
    __fpl_dnaninf                            0x00003e99   Thumb Code   156  dnaninf.o(x$fpl$dnaninf)
    __fpl_dretinf                            0x00003f35   Thumb Code    12  dretinf.o(x$fpl$dretinf)
    __aeabi_cdrcmple                         0x00003f41   Thumb Code     0  drleqf.o(x$fpl$drleqf)
    _drcmple                                 0x00003f41   Thumb Code   108  drleqf.o(x$fpl$drleqf)
    __aeabi_drsub                            0x00003fad   Thumb Code     0  daddsub_clz.o(x$fpl$drsb)
    _drsb                                    0x00003fad   Thumb Code    22  daddsub_clz.o(x$fpl$drsb)
    _dsqrt                                   0x00003fc5   Thumb Code   404  dsqrt_umaal.o(x$fpl$dsqrt)
    __aeabi_dsub                             0x0000415d   Thumb Code     0  daddsub_clz.o(x$fpl$dsub)
    _dsub                                    0x0000415d   Thumb Code   464  daddsub_clz.o(x$fpl$dsub)
    __aeabi_f2d                              0x00004331   Thumb Code     0  f2d.o(x$fpl$f2d)
    _f2d                                     0x00004331   Thumb Code    86  f2d.o(x$fpl$f2d)
    __fpl_fnaninf                            0x00004387   Thumb Code   140  fnaninf.o(x$fpl$fnaninf)
    _fp_init                                 0x00004413   Thumb Code    10  fpinit.o(x$fpl$fpinit)
    __fplib_config_fpu_vfp                   0x0000441b   Thumb Code     0  fpinit.o(x$fpl$fpinit)
    __fplib_config_pureend_doubles           0x0000441b   Thumb Code     0  fpinit.o(x$fpl$fpinit)
    __fpl_fretinf                            0x0000441d   Thumb Code    10  fretinf.o(x$fpl$fretinf)
    __fpl_return_NaN                         0x00004427   Thumb Code   100  retnan.o(x$fpl$retnan)
    __ARM_scalbn                             0x0000448b   Thumb Code    92  scalbn.o(x$fpl$scalbn)
    _scanf_real                              0x000044e7   Thumb Code     4  scanf1.o(x$fpl$scanf1)
    _scanf_hex_real                          0x000044eb   Thumb Code     4  scanf2.o(x$fpl$scanf2)
    _scanf_infnan                            0x000044ef   Thumb Code     4  scanf2.o(x$fpl$scanf2)
    __fpl_cmpreturn                          0x000044f3   Thumb Code    48  trapv.o(x$fpl$trapveneer)
    __I$use$fp                               0x00004522   Number         0  usenofp.o(x$fpl$usenofp)
    __mathlib_zero                           0x000045f0   Data           8  qnan.o(.constdata)
    Region$$Table$$Base                      0x0000477c   Number         0  anon$$obj.o(Region$$Table)
    Region$$Table$$Limit                     0x0000479c   Number         0  anon$$obj.o(Region$$Table)
    __aeabi_HUGE_VAL                         0x0000479c   Data           0  fpconst.o(c$$dinf)
    __aeabi_HUGE_VALL                        0x0000479c   Data           0  fpconst.o(c$$dinf)
    __aeabi_INFINITY                         0x0000479c   Data           0  fpconst.o(c$$dinf)
    __dInf                                   0x0000479c   Data           0  fpconst.o(c$$dinf)
    __huge_val                               0x0000479c   Data           0  fpconst.o(c$$dinf)
    __ctype                                  0x000047cd   Data           0  lc_ctype_c.o(locale$$data)
    dot_ms                                   0x20000000   Data           4  buzzer.o(.data)
    dash_ms                                  0x20000004   Data           4  buzzer.o(.data)
    silent_ms                                0x20000008   Data           4  buzzer.o(.data)
    GPS_logName                              0x2000000c   Data           8  gps.o(.data)
    token                                    0x20000014   Data           4  gps.o(.data)
    currentlat                               0x20000018   Data           4  gps.o(.data)
    currentlong                              0x2000001c   Data           4  gps.o(.data)
    GPS_output                               0x20000024   Data          80  gps.o(.bss)
    GPS_Formated                             0x20000074   Data         240  gps.o(.bss)
    __libspace_start                         0x20000164   Data          96  libspace.o(.bss)
    __temporary_stack_top$libspace           0x200001c4   Data           0  libspace.o(.bss)



==============================================================================

Memory Map of the image

  Image Entry point : 0x00000cf5

  Load Region LR_1 (Base: 0x00000000, Size: 0x000048f4, Max: 0xffffffff, ABSOLUTE)

    Execution Region ER_RO (Base: 0x00000000, Size: 0x000048d0, Max: 0xffffffff, ABSOLUTE)

    Base Addr    Size         Type   Attr      Idx    E Section Name        Object

    0x00000000   0x0000026c   Data   RO          127    RESET               startup_tm4c123.o
    0x0000026c   0x00000008   Code   RO          199  * !!!main             c_w.l(__main.o)
    0x00000274   0x00000034   Code   RO          629    !!!scatter          c_w.l(__scatter.o)
    0x000002a8   0x0000001a   Code   RO          631    !!handler_copy      c_w.l(__scatter_copy.o)
    0x000002c2   0x00000002   PAD
    0x000002c4   0x0000001c   Code   RO          633    !!handler_zi        c_w.l(__scatter_zi.o)
    0x000002e0   0x00000002   Code   RO          417    .ARM.Collect$$libinit$$00000000  c_w.l(libinit.o)
    0x000002e2   0x00000004   Code   RO          418    .ARM.Collect$$libinit$$00000001  c_w.l(libinit2.o)
    0x000002e6   0x00000000   Code   RO          422    .ARM.Collect$$libinit$$00000008  c_w.l(libinit2.o)
    0x000002e6   0x00000000   Code   RO          424    .ARM.Collect$$libinit$$0000000A  c_w.l(libinit2.o)
    0x000002e6   0x00000000   Code   RO          426    .ARM.Collect$$libinit$$0000000C  c_w.l(libinit2.o)
    0x000002e6   0x00000006   Code   RO          427    .ARM.Collect$$libinit$$0000000D  c_w.l(libinit2.o)
    0x000002ec   0x00000000   Code   RO          429    .ARM.Collect$$libinit$$0000000F  c_w.l(libinit2.o)
    0x000002ec   0x0000000c   Code   RO          430    .ARM.Collect$$libinit$$00000010  c_w.l(libinit2.o)
    0x000002f8   0x00000000   Code   RO          431    .ARM.Collect$$libinit$$00000011  c_w.l(libinit2.o)
    0x000002f8   0x00000000   Code   RO          433    .ARM.Collect$$libinit$$00000013  c_w.l(libinit2.o)
    0x000002f8   0x0000000a   Code   RO          434    .ARM.Collect$$libinit$$00000014  c_w.l(libinit2.o)
    0x00000302   0x00000000   Code   RO          435    .ARM.Collect$$libinit$$00000015  c_w.l(libinit2.o)
    0x00000302   0x00000000   Code   RO          437    .ARM.Collect$$libinit$$00000017  c_w.l(libinit2.o)
    0x00000302   0x00000000   Code   RO          439    .ARM.Collect$$libinit$$00000019  c_w.l(libinit2.o)
    0x00000302   0x00000000   Code   RO          441    .ARM.Collect$$libinit$$0000001B  c_w.l(libinit2.o)
    0x00000302   0x00000000   Code   RO          443    .ARM.Collect$$libinit$$0000001D  c_w.l(libinit2.o)
    0x00000302   0x00000000   Code   RO          445    .ARM.Collect$$libinit$$0000001F  c_w.l(libinit2.o)
    0x00000302   0x00000000   Code   RO          447    .ARM.Collect$$libinit$$00000021  c_w.l(libinit2.o)
    0x00000302   0x00000000   Code   RO          449    .ARM.Collect$$libinit$$00000023  c_w.l(libinit2.o)
    0x00000302   0x00000000   Code   RO          453    .ARM.Collect$$libinit$$0000002A  c_w.l(libinit2.o)
    0x00000302   0x00000000   Code   RO          455    .ARM.Collect$$libinit$$0000002C  c_w.l(libinit2.o)
    0x00000302   0x00000000   Code   RO          457    .ARM.Collect$$libinit$$0000002E  c_w.l(libinit2.o)
    0x00000302   0x00000000   Code   RO          459    .ARM.Collect$$libinit$$00000030  c_w.l(libinit2.o)
    0x00000302   0x00000002   Code   RO          460    .ARM.Collect$$libinit$$00000031  c_w.l(libinit2.o)
    0x00000304   0x00000002   Code   RO          562    .ARM.Collect$$libshutdown$$00000000  c_w.l(libshutdown.o)
    0x00000306   0x00000000   Code   RO          590    .ARM.Collect$$libshutdown$$00000003  c_w.l(libshutdown2.o)
    0x00000306   0x00000000   Code   RO          593    .ARM.Collect$$libshutdown$$00000006  c_w.l(libshutdown2.o)
    0x00000306   0x00000000   Code   RO          596    .ARM.Collect$$libshutdown$$00000009  c_w.l(libshutdown2.o)
    0x00000306   0x00000000   Code   RO          598    .ARM.Collect$$libshutdown$$0000000B  c_w.l(libshutdown2.o)
    0x00000306   0x00000000   Code   RO          601    .ARM.Collect$$libshutdown$$0000000E  c_w.l(libshutdown2.o)
    0x00000306   0x00000002   Code   RO          602    .ARM.Collect$$libshutdown$$0000000F  c_w.l(libshutdown2.o)
    0x00000308   0x00000000   Code   RO          293    .ARM.Collect$$rtentry$$00000000  c_w.l(rtentry.o)
    0x00000308   0x00000000   Code   RO          359    .ARM.Collect$$rtentry$$00000002  c_w.l(rtentry2.o)
    0x00000308   0x00000006   Code   RO          371    .ARM.Collect$$rtentry$$00000004  c_w.l(rtentry4.o)
    0x0000030e   0x00000000   Code   RO          361    .ARM.Collect$$rtentry$$00000009  c_w.l(rtentry2.o)
    0x0000030e   0x00000004   Code   RO          362    .ARM.Collect$$rtentry$$0000000A  c_w.l(rtentry2.o)
    0x00000312   0x00000000   Code   RO          364    .ARM.Collect$$rtentry$$0000000C  c_w.l(rtentry2.o)
    0x00000312   0x00000008   Code   RO          365    .ARM.Collect$$rtentry$$0000000D  c_w.l(rtentry2.o)
    0x0000031a   0x00000002   Code   RO          463    .ARM.Collect$$rtexit$$00000000  c_w.l(rtexit.o)
    0x0000031c   0x00000000   Code   RO          524    .ARM.Collect$$rtexit$$00000002  c_w.l(rtexit2.o)
    0x0000031c   0x00000004   Code   RO          525    .ARM.Collect$$rtexit$$00000003  c_w.l(rtexit2.o)
    0x00000320   0x00000006   Code   RO          526    .ARM.Collect$$rtexit$$00000004  c_w.l(rtexit2.o)
    0x00000326   0x00000002   PAD
    0x00000328   0x00000138   Code   RO            1    .text               buzzer.o
    0x00000460   0x000005b0   Code   RO           33    .text               gps.o
    0x00000a10   0x000001c0   Code   RO           70    .text               lcd.o
    0x00000bd0   0x00000048   Code   RO           85    .text               delay.o
    0x00000c18   0x000000dc   Code   RO          106    .text               uart.o
    0x00000cf4   0x0000010c   Code   RO          128  * .text               startup_tm4c123.o
    0x00000e00   0x0000025c   Code   RO          152    .text               main.o
    0x0000105c   0x0000000c   Code   RO          190    .text               c_w.l(strtok.o)
    0x00001068   0x00000048   Code   RO          193    .text               c_w.l(strcpy.o)
    0x000010b0   0x00000080   Code   RO          195    .text               c_w.l(strcmpv7m.o)
    0x00001130   0x00000006   Code   RO          197    .text               c_w.l(heapauxi.o)
    0x00001136   0x00000016   Code   RO          294    .text               c_w.l(_rserrno.o)
    0x0000114c   0x000000a0   Code   RO          296    .text               c_w.l(strtod.o)
    0x000011ec   0x00000044   Code   RO          298    .text               c_w.l(strtok_int.o)
    0x00001230   0x00000008   Code   RO          376    .text               c_w.l(rt_errno_addr_intlibspace.o)
    0x00001238   0x00000012   Code   RO          378    .text               c_w.l(isspace.o)
    0x0000124a   0x00000040   Code   RO          380    .text               c_w.l(_sgetc.o)
    0x0000128a   0x00000020   Code   RO          385    .text               c_w.l(strcspn.o)
    0x000012aa   0x0000001c   Code   RO          387    .text               c_w.l(strspn.o)
    0x000012c6   0x00000002   PAD
    0x000012c8   0x00000008   Code   RO          399    .text               c_w.l(libspace.o)
    0x000012d0   0x0000004a   Code   RO          402    .text               c_w.l(sys_stackheap_outer.o)
    0x0000131a   0x00000002   PAD
    0x0000131c   0x00000010   Code   RO          404    .text               c_w.l(rt_ctype_table.o)
    0x0000132c   0x000004a4   Code   RO          406    .text               c_w.l(scanf_fp.o)
    0x000017d0   0x0000000c   Code   RO          410    .text               c_w.l(exit.o)
    0x000017dc   0x00000008   Code   RO          468    .text               c_w.l(rt_locale_intlibspace.o)
    0x000017e4   0x000000e4   Code   RO          470    .text               c_w.l(bigflt0.o)
    0x000018c8   0x00000314   Code   RO          530    .text               c_w.l(scanf_hexfp.o)
    0x00001bdc   0x0000013c   Code   RO          532    .text               c_w.l(scanf_infnan.o)
    0x00001d18   0x0000000c   Code   RO          548    .text               c_w.l(sys_exit.o)
    0x00001d24   0x00000026   Code   RO          552    .text               c_w.l(llshl.o)
    0x00001d4a   0x0000001c   Code   RO          554    .text               c_w.l(_chval.o)
    0x00001d66   0x00000002   Code   RO          579    .text               c_w.l(use_no_semi.o)
    0x00001d68   0x00000000   Code   RO          581    .text               c_w.l(indicate_semi.o)
    0x00001d68   0x00000338   Code   RO          483    CL$$btod_div_common  c_w.l(btod.o)
    0x000020a0   0x00000054   Code   RO          481    CL$$btod_e2d        c_w.l(btod.o)
    0x000020f4   0x000000c6   Code   RO          480    CL$$btod_e2e        c_w.l(btod.o)
    0x000021ba   0x00000028   Code   RO          477    CL$$btod_ediv       c_w.l(btod.o)
    0x000021e2   0x00000028   Code   RO          479    CL$$btod_edivd      c_w.l(btod.o)
    0x0000220a   0x00000028   Code   RO          476    CL$$btod_emul       c_w.l(btod.o)
    0x00002232   0x00000028   Code   RO          478    CL$$btod_emuld      c_w.l(btod.o)
    0x0000225a   0x00000244   Code   RO          482    CL$$btod_mult_common  c_w.l(btod.o)
    0x0000249e   0x00000030   Code   RO          342    i.__ARM_fpclassify  m_wm.l(fpclassify.o)
    0x000024ce   0x00000002   PAD
    0x000024d0   0x000002e8   Code   RO          317    i.__hardfp_atan     m_wm.l(atan.o)
    0x000027b8   0x000001e0   Code   RO          225    i.__hardfp_atan2    m_wm.l(atan2.o)
    0x00002998   0x00000038   Code   RO          237    i.__hardfp_atof     m_wm.l(atof.o)
    0x000029d0   0x000000d8   Code   RO          243    i.__hardfp_cos      m_wm.l(cos.o)
    0x00002aa8   0x000000e8   Code   RO          563    i.__hardfp_ldexp    m_wm.l(ldexp.o)
    0x00002b90   0x000000d8   Code   RO          269    i.__hardfp_sin      m_wm.l(sin.o)
    0x00002c68   0x0000007a   Code   RO          281    i.__hardfp_sqrt     m_wm.l(sqrt.o)
    0x00002ce2   0x00000006   PAD
    0x00002ce8   0x00000458   Code   RO          347    i.__ieee754_rem_pio2  m_wm.l(rred.o)
    0x00003140   0x00000170   Code   RO          331    i.__kernel_cos      m_wm.l(cos_i.o)
    0x000032b0   0x000000f8   Code   RO          344    i.__kernel_poly     m_wm.l(poly.o)
    0x000033a8   0x00000130   Code   RO          352    i.__kernel_sin      m_wm.l(sin_i.o)
    0x000034d8   0x00000020   Code   RO          334    i.__mathlib_dbl_underflow  m_wm.l(dunder.o)
    0x000034f8   0x000000b8   Code   RO          516    i.__mathlib_narrow  m_wm.l(narrow.o)
    0x000035b0   0x00000014   Code   RO          565    i.__support_ldexp   m_wm.l(ldexp.o)
    0x000035c4   0x0000000e   Code   RO          408    i._is_digit         c_w.l(scanf_fp.o)
    0x000035d2   0x00000010   Code   RO          319    i.atan              m_wm.l(atan.o)
    0x000035e2   0x00000020   Code   RO          338    i.fabs              m_wm.l(fabs.o)
    0x00003602   0x00000006   PAD
    0x00003608   0x0000009c   Code   RO          542    i.frexp             m_wm.l(frexp.o)
    0x000036a4   0x0000002c   Code   RO          383    locale$$code        c_w.l(lc_numeric_c.o)
    0x000036d0   0x0000002c   Code   RO          496    locale$$code        c_w.l(lc_ctype_c.o)
    0x000036fc   0x00000018   Code   RO          201    x$fpl$basic         fz_wm.l(basic.o)
    0x00003714   0x00000062   Code   RO          203    x$fpl$d2f           fz_wm.l(d2f.o)
    0x00003776   0x00000002   PAD
    0x00003778   0x00000150   Code   RO          205    x$fpl$dadd          fz_wm.l(daddsub_clz.o)
    0x000038c8   0x00000010   Code   RO          389    x$fpl$dcheck1       fz_wm.l(dcheck1.o)
    0x000038d8   0x00000018   Code   RO          391    x$fpl$dcmpinf       fz_wm.l(dcmpi.o)
    0x000038f0   0x000002b0   Code   RO          212    x$fpl$ddiv          fz_wm.l(ddiv.o)
    0x00003ba0   0x00000078   Code   RO          538    x$fpl$deqf          fz_wm.l(deqf.o)
    0x00003c18   0x0000005e   Code   RO          393    x$fpl$dfix          fz_wm.l(dfix.o)
    0x00003c76   0x0000002e   Code   RO          216    x$fpl$dflt          fz_wm.l(dflt_clz.o)
    0x00003ca4   0x00000026   Code   RO          215    x$fpl$dfltu         fz_wm.l(dflt_clz.o)
    0x00003cca   0x00000002   PAD
    0x00003ccc   0x00000078   Code   RO          300    x$fpl$dleqf         fz_wm.l(dleqf.o)
    0x00003d44   0x00000154   Code   RO          221    x$fpl$dmul          fz_wm.l(dmul.o)
    0x00003e98   0x0000009c   Code   RO          302    x$fpl$dnaninf       fz_wm.l(dnaninf.o)
    0x00003f34   0x0000000c   Code   RO          304    x$fpl$dretinf       fz_wm.l(dretinf.o)
    0x00003f40   0x0000006c   Code   RO          306    x$fpl$drleqf        fz_wm.l(drleqf.o)
    0x00003fac   0x00000016   Code   RO          206    x$fpl$drsb          fz_wm.l(daddsub_clz.o)
    0x00003fc2   0x00000002   PAD
    0x00003fc4   0x00000198   Code   RO          308    x$fpl$dsqrt         fz_wm.l(dsqrt_umaal.o)
    0x0000415c   0x000001d4   Code   RO          207    x$fpl$dsub          fz_wm.l(daddsub_clz.o)
    0x00004330   0x00000056   Code   RO          223    x$fpl$f2d           fz_wm.l(f2d.o)
    0x00004386   0x0000008c   Code   RO          310    x$fpl$fnaninf       fz_wm.l(fnaninf.o)
    0x00004412   0x0000000a   Code   RO          503    x$fpl$fpinit        fz_wm.l(fpinit.o)
    0x0000441c   0x0000000a   Code   RO          312    x$fpl$fretinf       fz_wm.l(fretinf.o)
    0x00004426   0x00000064   Code   RO          461    x$fpl$retnan        fz_wm.l(retnan.o)
    0x0000448a   0x0000005c   Code   RO          314    x$fpl$scalbn        fz_wm.l(scalbn.o)
    0x000044e6   0x00000004   Code   RO          397    x$fpl$scanf1        fz_wm.l(scanf1.o)
    0x000044ea   0x00000008   Code   RO          507    x$fpl$scanf2        fz_wm.l(scanf2.o)
    0x000044f2   0x00000030   Code   RO          513    x$fpl$trapveneer    fz_wm.l(trapv.o)
    0x00004522   0x00000000   Code   RO          316    x$fpl$usenofp       fz_wm.l(usenofp.o)
    0x00004522   0x00000006   PAD
    0x00004528   0x00000098   Data   RO          320    .constdata          m_wm.l(atan.o)
    0x000045c0   0x00000030   Data   RO          332    .constdata          m_wm.l(cos_i.o)
    0x000045f0   0x00000008   Data   RO          346    .constdata          m_wm.l(qnan.o)
    0x000045f8   0x000000c8   Data   RO          349    .constdata          m_wm.l(rred.o)
    0x000046c0   0x00000028   Data   RO          353    .constdata          m_wm.l(sin_i.o)
    0x000046e8   0x00000094   Data   RO          471    .constdata          c_w.l(bigflt0.o)
    0x0000477c   0x00000020   Data   RO          627    Region$$Table       anon$$obj.o
    0x0000479c   0x00000008   Data   RO          500    c$$dinf             fz_wm.l(fpconst.o)
    0x000047a4   0x0000001c   Data   RO          382    locale$$data        c_w.l(lc_numeric_c.o)
    0x000047c0   0x00000110   Data   RO          495    locale$$data        c_w.l(lc_ctype_c.o)


    Execution Region ER_RW (Base: 0x20000000, Size: 0x00000024, Max: 0xffffffff, ABSOLUTE)

    Base Addr    Size         Type   Attr      Idx    E Section Name        Object

    0x20000000   0x0000000c   Data   RW            2    .data               buzzer.o
    0x2000000c   0x00000014   Data   RW           36    .data               gps.o
    0x20000020   0x00000004   Data   RW          191    .data               c_w.l(strtok.o)


    Execution Region ER_ZI (Base: 0x20000024, Size: 0x000003a4, Max: 0xffffffff, ABSOLUTE)

    Base Addr    Size         Type   Attr      Idx    E Section Name        Object

    0x20000024   0x00000140   Zero   RW           34    .bss                gps.o
    0x20000164   0x00000060   Zero   RW          400    .bss                c_w.l(libspace.o)
    0x200001c4   0x00000004   PAD
    0x200001c8   0x00000000   Zero   RW          126    HEAP                startup_tm4c123.o
    0x200001c8   0x00000200   Zero   RW          125    STACK               startup_tm4c123.o


==============================================================================

Image component sizes


      Code (inc. data)   RO Data    RW Data    ZI Data      Debug   Object Name

       312         40          0         12          0       5485   buzzer.o
        72          0          0          0          0        680   delay.o
      1456         94          0         20        320       3029   gps.o
       448         52          0          0          0       1652   lcd.o
       604         86          0          0          0       1267   main.o
       268         20        620          0        512       5400   startup_tm4c123.o
       220         20          0          0          0       1107   uart.o

    ----------------------------------------------------------------------
      3380        312        652         32        832      18620   Object Totals
         0          0         32          0          0          0   (incl. Generated)
         0          0          0          0          0          0   (incl. Padding)

    ----------------------------------------------------------------------

      Code (inc. data)   RO Data    RW Data    ZI Data      Debug   Library Member Name

         8          0          0          0          0         68   __main.o
        52          8          0          0          0          0   __scatter.o
        26          0          0          0          0          0   __scatter_copy.o
        28          0          0          0          0          0   __scatter_zi.o
        28          0          0          0          0         68   _chval.o
        22          0          0          0          0        100   _rserrno.o
        64          0          0          0          0         84   _sgetc.o
       228          6        148          0          0         96   bigflt0.o
      1846        132          0          0          0        736   btod.o
        12          0          0          0          0         72   exit.o
         6          0          0          0          0        152   heapauxi.o
         0          0          0          0          0          0   indicate_semi.o
        18          0          0          0          0         76   isspace.o
        44         10        272          0          0         76   lc_ctype_c.o
        44         10         28          0          0         76   lc_numeric_c.o
         2          0          0          0          0          0   libinit.o
        34          0          0          0          0          0   libinit2.o
         2          0          0          0          0          0   libshutdown.o
         2          0          0          0          0          0   libshutdown2.o
         8          4          0          0         96         68   libspace.o
        38          0          0          0          0         68   llshl.o
        16          4          0          0          0         76   rt_ctype_table.o
         8          4          0          0          0         68   rt_errno_addr_intlibspace.o
         8          4          0          0          0         68   rt_locale_intlibspace.o
         0          0          0          0          0          0   rtentry.o
        12          0          0          0          0          0   rtentry2.o
         6          0          0          0          0          0   rtentry4.o
         2          0          0          0          0          0   rtexit.o
        10          0          0          0          0          0   rtexit2.o
      1202         12          0          0          0        216   scanf_fp.o
       788         12          0          0          0        100   scanf_hexfp.o
       316         18          0          0          0        100   scanf_infnan.o
       128          0          0          0          0         68   strcmpv7m.o
        72          0          0          0          0         80   strcpy.o
        32          0          0          0          0         80   strcspn.o
        28          0          0          0          0         80   strspn.o
       160         12          0          0          0        120   strtod.o
        12          6          0          4          0         68   strtok.o
        68          4          0          0          0         84   strtok_int.o
        12          4          0          0          0         68   sys_exit.o
        74          0          0          0          0         80   sys_stackheap_outer.o
         2          0          0          0          0         68   use_no_semi.o
        24          0          0          0          0        164   basic.o
        98          4          0          0          0        140   d2f.o
       826         16          0          0          0        492   daddsub_clz.o
        16          4          0          0          0        116   dcheck1.o
        24          0          0          0          0        116   dcmpi.o
       688        140          0          0          0        256   ddiv.o
       120          4          0          0          0        140   deqf.o
        94          4          0          0          0        140   dfix.o
        84          0          0          0          0        232   dflt_clz.o
       120          4          0          0          0        140   dleqf.o
       340         12          0          0          0        152   dmul.o
       156          4          0          0          0        140   dnaninf.o
        12          0          0          0          0        116   dretinf.o
       108          0          0          0          0        128   drleqf.o
       408         56          0          0          0        168   dsqrt_umaal.o
        86          4          0          0          0        132   f2d.o
       140          4          0          0          0        132   fnaninf.o
         0          0          8          0          0          0   fpconst.o
        10          0          0          0          0        116   fpinit.o
        10          0          0          0          0        116   fretinf.o
       100          0          0          0          0        116   retnan.o
        92          0          0          0          0        116   scalbn.o
         4          0          0          0          0        116   scanf1.o
         8          0          0          0          0        132   scanf2.o
        48          0          0          0          0        116   trapv.o
         0          0          0          0          0          0   usenofp.o
       760        108        152          0          0        344   atan.o
       480         64          0          0          0        156   atan2.o
        56         12          0          0          0        132   atof.o
       216         16          0          0          0        152   cos.o
       368         46         48          0          0        200   cos_i.o
        32          8          0          0          0        124   dunder.o
        32          0          0          0          0        124   fabs.o
        48          0          0          0          0        124   fpclassify.o
       156         22          0          0          0        132   frexp.o
       252         16          0          0          0        308   ldexp.o
       184         18          0          0          0        152   narrow.o
       248          0          0          0          0        152   poly.o
         0          0          8          0          0          0   qnan.o
      1112        140        200          0          0        188   rred.o
       216         16          0          0          0        152   sin.o
       304         24         40          0          0        208   sin_i.o
       122          0          0          0          0        148   sqrt.o

    ----------------------------------------------------------------------
     13704        996        904          4        100       9692   Library Totals
        34          0          0          0          4          0   (incl. Padding)

    ----------------------------------------------------------------------

      Code (inc. data)   RO Data    RW Data    ZI Data      Debug   Library Name

      5468        250        448          4         96       3164   c_w.l
      3616        256          8          0          0       3732   fz_wm.l
      4586        490        448          0          0       2796   m_wm.l

    ----------------------------------------------------------------------
     13704        996        904          4        100       9692   Library Totals

    ----------------------------------------------------------------------

==============================================================================


      Code (inc. data)   RO Data    RW Data    ZI Data      Debug   

     17084       1308       1556         36        932      21392   Grand Totals
     17084       1308       1556         36        932      21392   ELF Image Totals
     17084       1308       1556         36          0          0   ROM Totals

==============================================================================

    Total RO  Size (Code + RO Data)                18640 (  18.20kB)
    Total RW  Size (RW Data + ZI Data)               968 (   0.95kB)
    Total ROM Size (Code + RO Data + RW Data)      18676 (  18.24kB)

==============================================================================

